
Discarded input sections

 .group         0x00000000        0xc build/nomagic_probe/src/file/fake_mbr.o
 .group         0x00000000        0xc build/nomagic_probe/src/file/fake_mbr.o
 .group         0x00000000        0xc build/nomagic_probe/src/file/fake_mbr.o
 .group         0x00000000        0xc build/nomagic_probe/src/file/fake_mbr.o
 .group         0x00000000        0xc build/nomagic_probe/src/file/fake_mbr.o
 .group         0x00000000        0xc build/nomagic_probe/src/file/fake_mbr.o
 .group         0x00000000        0xc build/nomagic_probe/src/file/fake_mbr.o
 .group         0x00000000        0xc build/nomagic_probe/src/file/fake_mbr.o
 .group         0x00000000        0xc build/nomagic_probe/src/file/fake_mbr.o
 .group         0x00000000        0xc build/nomagic_probe/src/file/fake_mbr.o
 .group         0x00000000        0xc build/nomagic_probe/src/file/fake_mbr.o
 .group         0x00000000        0xc build/nomagic_probe/src/file/fake_mbr.o
 .group         0x00000000        0xc build/nomagic_probe/src/file/fake_mbr.o
 .group         0x00000000        0xc build/nomagic_probe/src/file/fake_mbr.o
 .group         0x00000000        0xc build/nomagic_probe/src/file/fake_mbr.o
 .group         0x00000000        0xc build/nomagic_probe/src/file/fake_mbr.o
 .group         0x00000000        0xc build/nomagic_probe/src/file/fake_mbr.o
 .group         0x00000000        0xc build/nomagic_probe/src/file/fake_mbr.o
 .group         0x00000000        0xc build/nomagic_probe/src/file/fake_mbr.o
 .text          0x00000000        0x0 build/nomagic_probe/src/file/fake_mbr.o
 .data          0x00000000        0x0 build/nomagic_probe/src/file/fake_mbr.o
 .bss           0x00000000        0x0 build/nomagic_probe/src/file/fake_mbr.o
 .group         0x00000000        0xc build/nomagic_probe/src/file/fake_boot_sector.o
 .group         0x00000000        0xc build/nomagic_probe/src/file/fake_boot_sector.o
 .group         0x00000000        0xc build/nomagic_probe/src/file/fake_boot_sector.o
 .group         0x00000000        0xc build/nomagic_probe/src/file/fake_boot_sector.o
 .group         0x00000000        0xc build/nomagic_probe/src/file/fake_boot_sector.o
 .group         0x00000000        0xc build/nomagic_probe/src/file/fake_boot_sector.o
 .group         0x00000000        0xc build/nomagic_probe/src/file/fake_boot_sector.o
 .group         0x00000000        0xc build/nomagic_probe/src/file/fake_boot_sector.o
 .group         0x00000000        0xc build/nomagic_probe/src/file/fake_boot_sector.o
 .group         0x00000000        0xc build/nomagic_probe/src/file/fake_boot_sector.o
 .group         0x00000000        0xc build/nomagic_probe/src/file/fake_boot_sector.o
 .group         0x00000000        0xc build/nomagic_probe/src/file/fake_boot_sector.o
 .group         0x00000000        0xc build/nomagic_probe/src/file/fake_boot_sector.o
 .group         0x00000000        0xc build/nomagic_probe/src/file/fake_boot_sector.o
 .group         0x00000000        0xc build/nomagic_probe/src/file/fake_boot_sector.o
 .group         0x00000000        0xc build/nomagic_probe/src/file/fake_boot_sector.o
 .group         0x00000000        0xc build/nomagic_probe/src/file/fake_boot_sector.o
 .group         0x00000000        0xc build/nomagic_probe/src/file/fake_boot_sector.o
 .group         0x00000000        0xc build/nomagic_probe/src/file/fake_boot_sector.o
 .text          0x00000000        0x0 build/nomagic_probe/src/file/fake_boot_sector.o
 .data          0x00000000        0x0 build/nomagic_probe/src/file/fake_boot_sector.o
 .bss           0x00000000        0x0 build/nomagic_probe/src/file/fake_boot_sector.o
 .debug_macro   0x00000000      0xad2 build/nomagic_probe/src/file/fake_boot_sector.o
 .debug_macro   0x00000000       0x22 build/nomagic_probe/src/file/fake_boot_sector.o
 .debug_macro   0x00000000       0x75 build/nomagic_probe/src/file/fake_boot_sector.o
 .debug_macro   0x00000000       0x24 build/nomagic_probe/src/file/fake_boot_sector.o
 .debug_macro   0x00000000       0x5c build/nomagic_probe/src/file/fake_boot_sector.o
 .debug_macro   0x00000000       0x3c build/nomagic_probe/src/file/fake_boot_sector.o
 .debug_macro   0x00000000       0x34 build/nomagic_probe/src/file/fake_boot_sector.o
 .debug_macro   0x00000000      0x190 build/nomagic_probe/src/file/fake_boot_sector.o
 .debug_macro   0x00000000       0x57 build/nomagic_probe/src/file/fake_boot_sector.o
 .debug_macro   0x00000000      0x370 build/nomagic_probe/src/file/fake_boot_sector.o
 .debug_macro   0x00000000       0x16 build/nomagic_probe/src/file/fake_boot_sector.o
 .debug_macro   0x00000000       0x4a build/nomagic_probe/src/file/fake_boot_sector.o
 .debug_macro   0x00000000       0x34 build/nomagic_probe/src/file/fake_boot_sector.o
 .debug_macro   0x00000000       0x10 build/nomagic_probe/src/file/fake_boot_sector.o
 .debug_macro   0x00000000       0x58 build/nomagic_probe/src/file/fake_boot_sector.o
[...]
Memory Configuration

Name             Origin             Length             Attributes
FLASH            0x10000000         0x00200000         xr
RAM              0x20000000         0x00042000         xrw
*default*        0x00000000         0xffffffff

Linker script and memory map

LOAD build/nomagic_probe/src/file/fake_mbr.o
LOAD build/nomagic_probe/src/file/fake_boot_sector.o
LOAD build/nomagic_probe/src/file/fake_fat.o
LOAD build/nomagic_probe/src/file/fake_root_folder.o
LOAD build/nomagic_probe/src/file/fake_text_files.o
LOAD build/nomagic_probe/src/file/fake_favicon.o
LOAD build/nomagic_probe/src/file/fake_fs.o
LOAD build/nomagic_probe/src/file/file_storage.o
LOAD build/nomagic_probe/src/file/file_system.o
LOAD build/nomagic_probe/src/gdbserver/cmd_qsupported.o
LOAD build/nomagic_probe/src/gdbserver/cmd_qxfer.o
LOAD build/nomagic_probe/src/gdbserver/commands.o
LOAD build/nomagic_probe/src/gdbserver/gdbserver.o
LOAD build/nomagic_probe/src/gdbserver/monitor_commands.o
LOAD build/nomagic_probe/src/gdbserver/threads.o
LOAD build/nomagic_probe/src/gdbserver/util.o
LOAD build/nomagic_probe/src/hal/debug_uart.o
LOAD build/nomagic_probe/src/hal/target_uart.o
LOAD build/nomagic_probe/src/hal/startup.o
LOAD build/nomagic_probe/src/hal/irq.o
LOAD build/nomagic_probe/src/hal/hw_divider.o
LOAD build/nomagic_probe/src/hal/watchdog.o
LOAD build/nomagic_probe/src/hal/qspi.o
LOAD build/nomagic_probe/src/hal/flash.o
LOAD build/nomagic_probe/src/hal/time_base.o
LOAD build/nomagic_probe/src/hal/random.o
LOAD build/nomagic_probe/src/hal/swd_gpio.o
LOAD build/nomagic_probe/src/cli/cli.o
LOAD build/nomagic_probe/src/cli/cli_memory.o
LOAD build/nomagic_probe/src/cli/cli_swd.o
LOAD build/nomagic_probe/src/cli/cli_sys.o
LOAD build/nomagic_probe/src/cli/cli_usb.o
LOAD build/nomagic_probe/src/lib/ctype.o
LOAD build/nomagic_probe/src/lib/atoi.o
LOAD build/nomagic_probe/src/lib/memcmp.o
LOAD build/nomagic_probe/src/lib/memcpy.o
LOAD build/nomagic_probe/src/lib/memmove.o
LOAD build/nomagic_probe/src/lib/memset.o
LOAD build/nomagic_probe/src/lib/printf.o
LOAD build/nomagic_probe/src/lib/strchr.o
LOAD build/nomagic_probe/src/lib/strlen.o
LOAD build/nomagic_probe/src/lib/strncmp.o
LOAD build/nomagic_probe/src/cfg/network_cfg.o
LOAD build/nomagic_probe/src/cfg/serial_cfg.o
LOAD build/nomagic_probe/src/cfg/swd_cfg.o
LOAD build/nomagic_probe/src/cfg/config_file_reader.o
LOAD build/nomagic_probe/src/cfg/read_ini.o
LOAD build/nomagic_probe/src/swd/swd_engine.o
LOAD build/nomagic_probe/src/swd/swd_protocol.o
LOAD build/nomagic_probe/src/swd/swd_packets.o
LOAD build/nomagic_probe/src/swd/swd_packet_bits.o
LOAD build/nomagic_probe/src/tinyusb/usb.o
LOAD build/nomagic_probe/src/tinyusb/usb_descriptors.o
LOAD build/nomagic_probe/src/tinyusb/src/tusb.o
LOAD build/nomagic_probe/src/tinyusb/src/device/usbd.o
LOAD build/nomagic_probe/src/tinyusb/src/device/usbd_control.o
LOAD build/nomagic_probe/src/tinyusb/src/common/tusb_fifo.o
LOAD build/nomagic_probe/src/tinyusb/usb_cdc.o
LOAD build/nomagic_probe/src/tinyusb/src/class/cdc/cdc_device.o
LOAD build/nomagic_probe/src/tinyusb/usb_msc.o
LOAD build/nomagic_probe/src/tinyusb/src/class/msc/msc_device.o
LOAD build/nomagic_probe/src/lwip/lwip.o
LOAD build/nomagic_probe/src/lwip/dhcp_server.o
LOAD build/nomagic_probe/src/lwip/tcp_pipe.o
LOAD build/nomagic_probe/src/lwip/src/api/err.o
LOAD build/nomagic_probe/src/lwip/src/core/init.o
LOAD build/nomagic_probe/src/lwip/src/core/def.o
LOAD build/nomagic_probe/src/lwip/src/core/inet_chksum.o
LOAD build/nomagic_probe/src/lwip/src/core/ip.o
LOAD build/nomagic_probe/src/lwip/src/core/mem.o
LOAD build/nomagic_probe/src/lwip/src/core/memp.o
LOAD build/nomagic_probe/src/lwip/src/core/netif.o
LOAD build/nomagic_probe/src/lwip/src/core/pbuf.o
LOAD build/nomagic_probe/src/lwip/src/core/sys.o
LOAD build/nomagic_probe/src/lwip/src/core/altcp.o
LOAD build/nomagic_probe/src/lwip/src/core/altcp_alloc.o
LOAD build/nomagic_probe/src/lwip/src/core/altcp_tcp.o
LOAD build/nomagic_probe/src/lwip/src/core/tcp.o
LOAD build/nomagic_probe/src/lwip/src/core/tcp_in.o
LOAD build/nomagic_probe/src/lwip/src/core/tcp_out.o
LOAD build/nomagic_probe/src/lwip/src/core/timeouts.o
LOAD build/nomagic_probe/src/lwip/src/core/udp.o
LOAD build/nomagic_probe/src/lwip/src/core/ipv4/etharp.o
LOAD build/nomagic_probe/src/lwip/src/core/ipv4/icmp.o
LOAD build/nomagic_probe/src/lwip/src/core/ipv4/ip4_frag.o
LOAD build/nomagic_probe/src/lwip/src/core/ipv4/ip4.o
LOAD build/nomagic_probe/src/lwip/src/core/ipv4/ip4_addr.o
LOAD build/nomagic_probe/src/lwip/src/netif/ethernet.o
LOAD build/nomagic_probe/src/tinyusb/src/class/net/ncm_device.o
LOAD build/nomagic_probe/src/target/activity.o
LOAD build/nomagic_probe/src/target/common.o
LOAD build/nomagic_probe/src/target/common_actions.o
LOAD build/nomagic_probe/src/target/steps.o
LOAD build/nomagic_probe/src/target/target_uart_handler.o
LOAD build/nomagic_probe/src/led.o
LOAD build/nomagic_probe/src/main.o
LOAD build/source/rp2040.o
LOAD build/source/rp2040_flash_driver.o
LOAD build/nomagic_probe/src/target/flash_write_buffer.o
LOAD build/nomagic_probe/src/target/cortex-m_actions.o
LOAD build/source/flash_actions.o
TARGET(binary)
LOAD nomagic_probe/src/hal/2ndstage.bin

.text           0x10000000      0x200
 nomagic_probe/src/hal/2ndstage.bin()
 .data          0x10000000      0x100 nomagic_probe/src/hal/2ndstage.bin
                0x10000000                _binary_nomagic_probe_src_hal_2ndstage_bin_start
                0x10000100                _binary_nomagic_probe_src_hal_2ndstage_bin_end
 *(.vectors)
 .vectors       0x10000100      0x100 build/nomagic_probe/src/hal/irq.o
                0x10000100                __STAGE_3_VECTOR_TABLE

.glue_7         0x10000200        0x0
 .glue_7        0x10000200        0x0 linker stubs

.glue_7t        0x10000200        0x0
 .glue_7t       0x10000200        0x0 linker stubs

.vfp11_veneer   0x10000200        0x0
 .vfp11_veneer  0x10000200        0x0 linker stubs

.v4_bx          0x10000200        0x0
 .v4_bx         0x10000200        0x0 linker stubs

.iplt           0x10000200        0x0
 .iplt          0x10000200        0x0 build/nomagic_probe/src/file/fake_mbr.o

.third_stage_boot
                0x10000200      0x368
                0x10000200                        . = ALIGN (0x4)
                0x10000200                        __third_boot_start = .
 *(.third_stage_boot .third_stage_boot.*)
 .third_stage_boot
                0x10000200      0x330 build/nomagic_probe/src/hal/startup.o
                0x10000200                Reset_Handler
 .third_stage_boot
                0x10000530        0x4 build/nomagic_probe/src/hal/irq.o
                0x10000530                default_Handler
 *fill*         0x10000534        0x4 
 .third_stage_boot.__stub
                0x10000538       0x30 linker stubs
                0x10000568                        . = ALIGN (0x4)
                0x10000568                        __third_boot_end = .

.code           0x20000000    0x22ba4 load address 0x10000568
                0x20000000                        . = ALIGN (0x4)
                0x20000000                        __code_start = .
 *(.text)
 *(.text.*)
 .text.fake_mbr
                0x20000000       0x50 build/nomagic_probe/src/file/fake_mbr.o
                0x20000000                fake_mbr
 .text.fake_boot_sector
                0x20000050       0x78 build/nomagic_probe/src/file/fake_boot_sector.o
                0x20000050                fake_boot_sector
 .text.fake_fat_read
                0x200000c8      0x10c build/nomagic_probe/src/file/fake_fat.o
                0x200000c8                fake_fat_read
 .text.fake_fat_write
                0x200001d4       0xc0 build/nomagic_probe/src/file/fake_fat.o
                0x200001d4                fake_fat_write
 .text.fake_root_folder_read
                0x20000294      0x10c build/nomagic_probe/src/file/fake_root_folder.o
                0x20000294                fake_root_folder_read
 .text.fake_root_folder_write
                0x200003a0       0xcc build/nomagic_probe/src/file/fake_root_folder.o
                0x200003a0                fake_root_folder_write
 .text.fake_root_get_entry_of_file_idx
                0x2000046c       0x7c build/nomagic_probe/src/file/fake_root_folder.o
                0x2000046c                fake_root_get_entry_of_file_idx
 .text.fake_root_get_entry_of_file_named
                0x200004e8      0x600 build/nomagic_probe/src/file/fake_root_folder.o
                0x200004e8                fake_root_get_entry_of_file_named
 .text.fake_readme_file
                0x20000ae8       0x50 build/nomagic_probe/src/file/fake_text_files.o
                0x20000ae8                fake_readme_file
 .text.fake_autorun_inf_file
                0x20000b38       0x50 build/nomagic_probe/src/file/fake_text_files.o
                0x20000b38                fake_autorun_inf_file
 .text.fake_favicon_ico_file
                0x20000b88       0x58 build/nomagic_probe/src/file/fake_favicon.o
                0x20000b88                fake_favicon_ico_file
 .text.fake_fs_read
                0x20000be0       0xac build/nomagic_probe/src/file/fake_fs.o
                0x20000be0                fake_fs_read
 .text.fake_fs_read_fat_sector
                0x20000c8c       0xbc build/nomagic_probe/src/file/fake_fs.o
                0x20000c8c                fake_fs_read_fat_sector
 .text.fake_fs_write
                0x20000d48       0x4c build/nomagic_probe/src/file/fake_fs.o
                0x20000d48                fake_fs_write
 .text.file_storage_get_block_count
                0x20000d94        0x8 build/nomagic_probe/src/file/file_storage.o
                0x20000d94                file_storage_get_block_count
 .text.file_storage_getblock_size
                0x20000d9c        0x8 build/nomagic_probe/src/file/file_storage.o
                0x20000d9c                file_storage_getblock_size
 .text.file_storage_read
                0x20000da4       0x44 build/nomagic_probe/src/file/file_storage.o
                0x20000da4                file_storage_read
 .text.file_storage_write
                0x20000de8       0x3c build/nomagic_probe/src/file/file_storage.o
                0x20000de8                file_storage_write
 .text.write_super_sector
                0x20000e24       0x80 build/nomagic_probe/src/file/file_system.o
 .text.erase_all_sectors.isra.0
                0x20000ea4       0x94 build/nomagic_probe/src/file/file_system.o
 .text.find_next_free_sector
                0x20000f38       0xe0 build/nomagic_probe/src/file/file_system.o
 .text.file_system_init
                0x20001018      0x5e0 build/nomagic_probe/src/file/file_system.o
                0x20001018                file_system_init
 .text.file_system_block_count
                0x200015f8        0xc build/nomagic_probe/src/file/file_system.o
                0x200015f8                file_system_block_count
 .text.file_system_report
                0x20001604      0x108 build/nomagic_probe/src/file/file_system.o
                0x20001604                file_system_report
 .text.file_system_read
                0x2000170c      0x118 build/nomagic_probe/src/file/file_system.o
                0x2000170c                file_system_read
 .text.file_system_write
                0x20001824      0x278 build/nomagic_probe/src/file/file_system.o
                0x20001824                file_system_write
 .text.file_system_format
                0x20001a9c       0x44 build/nomagic_probe/src/file/file_system.o
                0x20001a9c                file_system_format
 .text.handle_cmd_qSupported
                0x20001ae0       0x78 build/nomagic_probe/src/gdbserver/cmd_qsupported.o
                0x20001ae0                handle_cmd_qSupported
 .text.handle_cmd_qXfer
                0x20001b58      0x150 build/nomagic_probe/src/gdbserver/cmd_qxfer.o
                0x20001b58                handle_cmd_qXfer
 .text.parse_memory
                0x20001ca8       0xb8 build/nomagic_probe/src/gdbserver/commands.o
 .text.commands_init
                0x20001d60       0x14 build/nomagic_probe/src/gdbserver/commands.o
                0x20001d60                commands_init
 .text.commands_execute
                0x20001d74      0x900 build/nomagic_probe/src/gdbserver/commands.o
                0x20001d74                commands_execute
 .text.gdbserver_init
                0x20002674       0x3c build/nomagic_probe/src/gdbserver/gdbserver.o
                0x20002674                gdbserver_init
 .text.gdbserver_tick
                0x200026b0      0x3f8 build/nomagic_probe/src/gdbserver/gdbserver.o
                0x200026b0                gdbserver_tick
 .text.gdbserver_disconnect
                0x20002aa8       0x18 build/nomagic_probe/src/gdbserver/gdbserver.o
                0x20002aa8                gdbserver_disconnect
 .text.reply_packet_prepare
                0x20002ac0       0x28 build/nomagic_probe/src/gdbserver/gdbserver.o
                0x20002ac0                reply_packet_prepare
 .text.reply_packet_add
                0x20002ae8       0xa0 build/nomagic_probe/src/gdbserver/gdbserver.o
                0x20002ae8                reply_packet_add
 .text.reply_packet_add_hex
                0x20002b88      0x190 build/nomagic_probe/src/gdbserver/gdbserver.o
                0x20002b88                reply_packet_add_hex
 .text.reply_packet_send
                0x20002d18       0xd0 build/nomagic_probe/src/gdbserver/gdbserver.o
                0x20002d18                reply_packet_send
 .text.send_error_packet
                0x20002de8       0x10 build/nomagic_probe/src/gdbserver/gdbserver.o
                0x20002de8                send_error_packet
 .text.send_ack_packet
                0x20002df8       0x10 build/nomagic_probe/src/gdbserver/gdbserver.o
                0x20002df8                send_ack_packet
 .text.send_unknown_command_reply
                0x20002e08       0x2c build/nomagic_probe/src/gdbserver/gdbserver.o
                0x20002e08                send_unknown_command_reply
 .text.send_part
                0x20002e34      0x1f8 build/nomagic_probe/src/gdbserver/gdbserver.o
                0x20002e34                send_part
 .text.gdb_is_now_busy
                0x2000302c       0x20 build/nomagic_probe/src/gdbserver/gdbserver.o
                0x2000302c                gdb_is_now_busy
 .text.gdb_is_not_busy_anymore
                0x2000304c        0xc build/nomagic_probe/src/gdbserver/gdbserver.o
                0x2000304c                gdb_is_not_busy_anymore
 .text.is_gdb_busy
                0x20003058        0xc build/nomagic_probe/src/gdbserver/gdbserver.o
                0x20003058                is_gdb_busy
 .text.gdbs_info
                0x20003064      0x1c4 build/nomagic_probe/src/gdbserver/gdbserver.o
                0x20003064                gdbs_info
 .text.gdbserver_received_ctrl_c
                0x20003228       0x20 build/nomagic_probe/src/gdbserver/gdbserver.o
                0x20003228                gdbserver_received_ctrl_c
 .text.mon_cmd_help
                0x20003248      0x108 build/nomagic_probe/src/gdbserver/monitor_commands.o
                0x20003248                mon_cmd_help
 .text.mon_cmd_halt
                0x20003350       0x3c build/nomagic_probe/src/gdbserver/monitor_commands.o
                0x20003350                mon_cmd_halt
 .text.mon_cmd_reset
                0x2000338c       0x54 build/nomagic_probe/src/gdbserver/monitor_commands.o
                0x2000338c                mon_cmd_reset
 .text.mon_cmd_reg
                0x200033e0      0x208 build/nomagic_probe/src/gdbserver/monitor_commands.o
                0x200033e0                mon_cmd_reg
 .text.target_monitor_command
                0x200035e8       0xc0 build/nomagic_probe/src/gdbserver/monitor_commands.o
                0x200035e8                target_monitor_command
 .text.threads_init
                0x200036a8       0x1c build/nomagic_probe/src/gdbserver/threads.o
                0x200036a8                threads_init
 .text.handle_H_command
                0x200036c4       0x8c build/nomagic_probe/src/gdbserver/threads.o
                0x200036c4                handle_H_command
 .text.handle_qfThreadInfo_command
                0x20003750       0x18 build/nomagic_probe/src/gdbserver/threads.o
                0x20003750                handle_qfThreadInfo_command
 .text.handle_qsThreadInfo_command
                0x20003768       0x18 build/nomagic_probe/src/gdbserver/threads.o
                0x20003768                handle_qsThreadInfo_command
 .text.handle_qC_command
                0x20003780       0x18 build/nomagic_probe/src/gdbserver/threads.o
                0x20003780                handle_qC_command
 .text.calculateChecksum
                0x20003798       0x20 build/nomagic_probe/src/gdbserver/util.o
                0x20003798                calculateChecksum
 .text.hex_to_int
                0x200037b8       0x90 build/nomagic_probe/src/gdbserver/util.o
                0x200037b8                hex_to_int
 .text.byte_to_hex
                0x20003848       0xa4 build/nomagic_probe/src/gdbserver/util.o
                0x20003848                byte_to_hex
 .text.int_to_hex
                0x200038ec       0x9c build/nomagic_probe/src/gdbserver/util.o
                0x200038ec                int_to_hex
 .text.decode_hex_string_to_text
                0x20003988      0x190 build/nomagic_probe/src/gdbserver/util.o
                0x20003988                decode_hex_string_to_text
 .text.encode_text_to_hex_string
                0x20003b18       0xec build/nomagic_probe/src/gdbserver/util.o
                0x20003b18                encode_text_to_hex_string
 .text.binary_to_ascii_dump
                0x20003c04       0x1c build/nomagic_probe/src/gdbserver/util.o
                0x20003c04                binary_to_ascii_dump
 .text.UART0_IRQ
                0x20003c20       0xc4 build/nomagic_probe/src/hal/debug_uart.o
                0x20003c20                UART0_IRQ
 .text.debug_uart_init
                0x20003ce4       0xd8 build/nomagic_probe/src/hal/debug_uart.o
                0x20003ce4                debug_uart_init
 .text.debug_uart_tick
                0x20003dbc       0x58 build/nomagic_probe/src/hal/debug_uart.o
                0x20003dbc                debug_uart_tick
 .text.debug_uart_flush
                0x20003e14      0x140 build/nomagic_probe/src/hal/debug_uart.o
                0x20003e14                debug_uart_flush
 .text.debug_uart_send_bytes
                0x20003f54      0x16c build/nomagic_probe/src/hal/debug_uart.o
                0x20003f54                debug_uart_send_bytes
 .text.debug_uart_putc
                0x200040c0      0x16c build/nomagic_probe/src/hal/debug_uart.o
                0x200040c0                debug_uart_putc
 .text.debug_uart_get_num_received_bytes
                0x2000422c       0x34 build/nomagic_probe/src/hal/debug_uart.o
                0x2000422c                debug_uart_get_num_received_bytes
 .text.debug_uart_get_next_received_byte
                0x20004260       0x34 build/nomagic_probe/src/hal/debug_uart.o
                0x20004260                debug_uart_get_next_received_byte
 .text.UART1_IRQ
                0x20004294       0xc4 build/nomagic_probe/src/hal/target_uart.o
                0x20004294                UART1_IRQ
 .text.target_uart_init
                0x20004358       0xe0 build/nomagic_probe/src/hal/target_uart.o
                0x20004358                target_uart_init
 .text.target_uart_tick
                0x20004438       0x58 build/nomagic_probe/src/hal/target_uart.o
                0x20004438                target_uart_tick
 .text.target_uart_send_bytes
                0x20004490      0x16c build/nomagic_probe/src/hal/target_uart.o
                0x20004490                target_uart_send_bytes
 .text.target_uart_get_num_received_bytes
                0x200045fc       0x34 build/nomagic_probe/src/hal/target_uart.o
                0x200045fc                target_uart_get_num_received_bytes
 .text.target_uart_get_next_received_byte
                0x20004630       0x34 build/nomagic_probe/src/hal/target_uart.o
                0x20004630                target_uart_get_next_received_byte
 .text.time_get_ms
                0x20004664        0xc build/nomagic_probe/src/hal/startup.o
                0x20004664                time_get_ms
 .text.SysTick_Handler
                0x20004670       0x10 build/nomagic_probe/src/hal/startup.o
                0x20004670                SysTick_Handler
 .text.error_state
                0x20004680       0x18 build/nomagic_probe/src/hal/startup.o
                0x20004680                error_state
 .text.NMI_Handler
                0x20004698        0x4 build/nomagic_probe/src/hal/irq.o
                0x20004698                NMI_Handler
 .text.Hard_Fault_Handler
                0x2000469c        0x4 build/nomagic_probe/src/hal/irq.o
                0x2000469c                Hard_Fault_Handler
 .text.SVCall_Handler
                0x200046a0        0x4 build/nomagic_probe/src/hal/irq.o
                0x200046a0                SVCall_Handler
 .text.PendSV_Handler
                0x200046a4        0x4 build/nomagic_probe/src/hal/irq.o
                0x200046a4                PendSV_Handler
 .text.TIMER_IRQ_0
                0x200046a8        0x4 build/nomagic_probe/src/hal/irq.o
                0x200046a8                TIMER_IRQ_0
 .text.TIMER_IRQ_1
                0x200046ac        0x4 build/nomagic_probe/src/hal/irq.o
                0x200046ac                TIMER_IRQ_1
 .text.TIMER_IRQ_2
                0x200046b0        0x4 build/nomagic_probe/src/hal/irq.o
                0x200046b0                TIMER_IRQ_2
 .text.TIMER_IRQ_3
                0x200046b4        0x4 build/nomagic_probe/src/hal/irq.o
                0x200046b4                TIMER_IRQ_3
 .text.PWM_IRQ_WRAP
                0x200046b8        0x4 build/nomagic_probe/src/hal/irq.o
                0x200046b8                PWM_IRQ_WRAP
 .text.XIP_IRQ  0x200046bc        0x4 build/nomagic_probe/src/hal/irq.o
                0x200046bc                XIP_IRQ
 .text.PIO0_IRQ_0
                0x200046c0        0x4 build/nomagic_probe/src/hal/irq.o
                0x200046c0                PIO0_IRQ_0
 .text.PIO0_IRQ_1
                0x200046c4        0x4 build/nomagic_probe/src/hal/irq.o
                0x200046c4                PIO0_IRQ_1
 .text.PIO1_IRQ_0
                0x200046c8        0x4 build/nomagic_probe/src/hal/irq.o
                0x200046c8                PIO1_IRQ_0
 .text.PIO1_IRQ_1
                0x200046cc        0x4 build/nomagic_probe/src/hal/irq.o
                0x200046cc                PIO1_IRQ_1
 .text.DMA_IRQ_0
                0x200046d0        0x4 build/nomagic_probe/src/hal/irq.o
                0x200046d0                DMA_IRQ_0
 .text.DMA_IRQ_1
                0x200046d4        0x4 build/nomagic_probe/src/hal/irq.o
                0x200046d4                DMA_IRQ_1
 .text.IO_IRQ_BANK0
                0x200046d8        0x4 build/nomagic_probe/src/hal/irq.o
                0x200046d8                IO_IRQ_BANK0
 .text.IO_IRQ_QSPI
                0x200046dc        0x4 build/nomagic_probe/src/hal/irq.o
                0x200046dc                IO_IRQ_QSPI
 .text.SIO_IRQ_PROC0
                0x200046e0        0x4 build/nomagic_probe/src/hal/irq.o
                0x200046e0                SIO_IRQ_PROC0
 .text.SIO_IRQ_PROC1
                0x200046e4        0x4 build/nomagic_probe/src/hal/irq.o
                0x200046e4                SIO_IRQ_PROC1
 .text.CLOCKS_IRQ
                0x200046e8        0x4 build/nomagic_probe/src/hal/irq.o
                0x200046e8                CLOCKS_IRQ
 .text.SPI0_IRQ
                0x200046ec        0x4 build/nomagic_probe/src/hal/irq.o
                0x200046ec                SPI0_IRQ
 .text.SPI1_IRQ
                0x200046f0        0x4 build/nomagic_probe/src/hal/irq.o
                0x200046f0                SPI1_IRQ
 .text.ADC_IRQ_FIFO
                0x200046f4        0x4 build/nomagic_probe/src/hal/irq.o
                0x200046f4                ADC_IRQ_FIFO
 .text.I2C0_IRQ
                0x200046f8        0x4 build/nomagic_probe/src/hal/irq.o
                0x200046f8                I2C0_IRQ
 .text.I2C1_IRQ
                0x200046fc        0x4 build/nomagic_probe/src/hal/irq.o
                0x200046fc                I2C1_IRQ
 .text.RTC_IRQ  0x20004700        0x4 build/nomagic_probe/src/hal/irq.o
                0x20004700                RTC_IRQ
 .text.__aeabi_uidiv
                0x20004704       0x2c build/nomagic_probe/src/hal/hw_divider.o
                0x20004704                __aeabi_uidiv
 .text.__aeabi_uidivmod
                0x20004730       0x30 build/nomagic_probe/src/hal/hw_divider.o
                0x20004730                __aeabi_uidivmod
 .text.div_and_mod
                0x20004760       0x30 build/nomagic_probe/src/hal/hw_divider.o
                0x20004760                div_and_mod
 .text.watchdog_enable
                0x20004790       0x4c build/nomagic_probe/src/hal/watchdog.o
                0x20004790                watchdog_enable
 .text.watchdog_feed
                0x200047dc       0x10 build/nomagic_probe/src/hal/watchdog.o
                0x200047dc                watchdog_feed
 .text.watchdog_report
                0x200047ec      0x1bc build/nomagic_probe/src/hal/watchdog.o
                0x200047ec                watchdog_report
 .text.watchdog_enter_section
                0x200049a8       0x20 build/nomagic_probe/src/hal/watchdog.o
                0x200049a8                watchdog_enter_section
 .text.watchdog_leave_section
                0x200049c8       0x24 build/nomagic_probe/src/hal/watchdog.o
                0x200049c8                watchdog_leave_section
 .text.flash_do_cmd.constprop.1
                0x200049ec       0x84 build/nomagic_probe/src/hal/qspi.o
 .text.qspi_init
                0x20004a70      0x2d0 build/nomagic_probe/src/hal/qspi.o
                0x20004a70                qspi_init
 .text.qspi_page_program_256
                0x20004d40      0x18c build/nomagic_probe/src/hal/qspi.o
                0x20004d40                qspi_page_program_256
 .text.qspi_read
                0x20004ecc       0xc0 build/nomagic_probe/src/hal/qspi.o
                0x20004ecc                qspi_read
 .text.qspi_erase_sector
                0x20004f8c      0x150 build/nomagic_probe/src/hal/qspi.o
                0x20004f8c                qspi_erase_sector
 .text.qspi_detect
                0x200050dc      0x288 build/nomagic_probe/src/hal/qspi.o
                0x200050dc                qspi_detect
 .text.flash_init
                0x20005364        0x8 build/nomagic_probe/src/hal/flash.o
                0x20005364                flash_init
 .text.flash_write_block
                0x2000536c       0x40 build/nomagic_probe/src/hal/flash.o
                0x2000536c                flash_write_block
 .text.flash_erase_page
                0x200053ac        0x8 build/nomagic_probe/src/hal/flash.o
                0x200053ac                flash_erase_page
 .text.flash_read
                0x200053b4       0x10 build/nomagic_probe/src/hal/flash.o
                0x200053b4                flash_read
 .text.flash_report
                0x200053c4        0x4 build/nomagic_probe/src/hal/flash.o
                0x200053c4                flash_report
 .text.delay_us
                0x200053c8       0x28 build/nomagic_probe/src/hal/time_base.o
                0x200053c8                delay_us
 .text.start_timeout
                0x200053f0       0x34 build/nomagic_probe/src/hal/time_base.o
                0x200053f0                start_timeout
 .text.timeout_expired
                0x20005424       0x2c build/nomagic_probe/src/hal/time_base.o
                0x20005424                timeout_expired
 .text.yield    0x20005450        0x8 build/nomagic_probe/src/hal/time_base.o
                0x20005450                yield
 .text.rosc_rand
                0x20005458       0x20 build/nomagic_probe/src/hal/random.o
                0x20005458                rosc_rand
 .text.swd_gpio_init
                0x20005478       0x68 build/nomagic_probe/src/hal/swd_gpio.o
                0x20005478                swd_gpio_init
 .text.execute  0x200054e0      0x120 build/nomagic_probe/src/cli/cli.o
 .text.cmd_help
                0x20005600       0x64 build/nomagic_probe/src/cli/cli.o
                0x20005600                cmd_help
 .text.cli_init
                0x20005664       0x88 build/nomagic_probe/src/cli/cli.o
                0x20005664                cli_init
 .text.cli_tick
                0x200056ec      0x214 build/nomagic_probe/src/cli/cli.o
                0x200056ec                cli_tick
 .text.cli_get_parameter
                0x20005900       0x14 build/nomagic_probe/src/cli/cli.o
                0x20005900                cli_get_parameter
 .text.cmd_memory_display
                0x20005914       0xc0 build/nomagic_probe/src/cli/cli_memory.o
                0x20005914                cmd_memory_display
 .text.cmd_memory_dump
                0x200059d4       0xb0 build/nomagic_probe/src/cli/cli_memory.o
                0x200059d4                cmd_memory_dump
 .text.cmd_flash_memory_erase
                0x20005a84       0x34 build/nomagic_probe/src/cli/cli_memory.o
                0x20005a84                cmd_flash_memory_erase
 .text.cmd_flash_memory_write
                0x20005ab8       0xac build/nomagic_probe/src/cli/cli_memory.o
                0x20005ab8                cmd_flash_memory_write
 .text.cmd_flash_init
                0x20005b64        0xc build/nomagic_probe/src/cli/cli_memory.o
                0x20005b64                cmd_flash_init
 .text.cmd_flash_detect
                0x20005b70        0x8 build/nomagic_probe/src/cli/cli_memory.o
                0x20005b70                cmd_flash_detect
 .text.cmd_file_dump
                0x20005b78      0x1fc build/nomagic_probe/src/cli/cli_memory.o
                0x20005b78                cmd_file_dump
 .text.cmd_file_ls
                0x20005d74       0xfc build/nomagic_probe/src/cli/cli_memory.o
                0x20005d74                cmd_file_ls
 .text.cmd_file_format
                0x20005e70        0xc build/nomagic_probe/src/cli/cli_memory.o
                0x20005e70                cmd_file_format
 .text.cmd_swd_connect
                0x20005e7c        0xc build/nomagic_probe/src/cli/cli_swd.o
                0x20005e7c                cmd_swd_connect
 .text.cmd_swd_read_memory
                0x20005e88       0xf0 build/nomagic_probe/src/cli/cli_swd.o
                0x20005e88                cmd_swd_read_memory
 .text.cmd_swd_write_memory
                0x20005f78       0xc8 build/nomagic_probe/src/cli/cli_swd.o
                0x20005f78                cmd_swd_write_memory
 .text.cmd_time
                0x20006040       0xcc build/nomagic_probe/src/cli/cli_sys.o
                0x20006040                cmd_time
 .text.cmd_parameter_raw
                0x2000610c       0x70 build/nomagic_probe/src/cli/cli_sys.o
                0x2000610c                cmd_parameter_raw
 .text.cmd_die  0x2000617c        0x4 build/nomagic_probe/src/cli/cli_sys.o
                0x2000617c                cmd_die
 .text.cmd_hil_test
                0x20006180       0xb8 build/nomagic_probe/src/cli/cli_sys.o
                0x20006180                cmd_hil_test
 .text.cmd_info_overview
                0x20006238       0xd0 build/nomagic_probe/src/cli/cli_sys.o
                0x20006238                cmd_info_overview
 .text.cmd_info
                0x20006308      0x250 build/nomagic_probe/src/cli/cli_sys.o
                0x20006308                cmd_info
 .text.cmd_log  0x20006558       0xd0 build/nomagic_probe/src/cli/cli_sys.o
                0x20006558                cmd_log
 .text.cmd_usb_info
                0x20006628      0x1e0 build/nomagic_probe/src/cli/cli_usb.o
                0x20006628                cmd_usb_info
 .text.atoi     0x20006808      0x160 build/nomagic_probe/src/lib/atoi.o
                0x20006808                atoi
 .text.memcmp   0x20006968       0x20 build/nomagic_probe/src/lib/memcmp.o
                0x20006968                memcmp
 .text.memcpy   0x20006988       0x50 build/nomagic_probe/src/lib/memcpy.o
                0x20006988                memcpy
 .text.memmove  0x200069d8       0x74 build/nomagic_probe/src/lib/memmove.o
                0x200069d8                memmove
 .text.memset   0x20006a4c       0x8c build/nomagic_probe/src/lib/memset.o
                0x20006a4c                memset
 .text.format   0x20006ad8      0x5c0 build/nomagic_probe/src/lib/printf.o
                0x20006ad8                format
 .text.init_printf
                0x20007098       0x14 build/nomagic_probe/src/lib/printf.o
                0x20007098                init_printf
 .text.printf   0x200070ac       0x28 build/nomagic_probe/src/lib/printf.o
                0x200070ac                printf
 .text.snprintf
                0x200070d4      0x734 build/nomagic_probe/src/lib/printf.o
                0x200070d4                snprintf
 .text.strchr   0x20007808       0x18 build/nomagic_probe/src/lib/strchr.o
                0x20007808                strchr
 .text.strlen   0x20007820       0x14 build/nomagic_probe/src/lib/strlen.o
                0x20007820                strlen
 .text.strncmp  0x20007834       0x2c build/nomagic_probe/src/lib/strncmp.o
                0x20007834                strncmp
 .text.network_cfg_reset_to_default
                0x20007860       0x30 build/nomagic_probe/src/cfg/network_cfg.o
                0x20007860                network_cfg_reset_to_default
 .text.network_cfg_set
                0x20007890      0x140 build/nomagic_probe/src/cfg/network_cfg.o
                0x20007890                network_cfg_set
 .text.network_cfg_apply
                0x200079d0       0x48 build/nomagic_probe/src/cfg/network_cfg.o
                0x200079d0                network_cfg_apply
 .text.network_cfg_is_network_enabled
                0x20007a18        0xc build/nomagic_probe/src/cfg/network_cfg.o
                0x20007a18                network_cfg_is_network_enabled
 .text.network_cfg_debug_print_ip_address
                0x20007a24       0x24 build/nomagic_probe/src/cfg/network_cfg.o
                0x20007a24                network_cfg_debug_print_ip_address
 .text.null_send_string_function
                0x20007a48        0x4 build/nomagic_probe/src/cfg/serial_cfg.o
 .text.null_send_bytes_function
                0x20007a4c        0x4 build/nomagic_probe/src/cfg/serial_cfg.o
 .text.null_get_num_received_bytes_function
                0x20007a50        0x4 build/nomagic_probe/src/cfg/serial_cfg.o
 .text.null_get_next_received_byte_function
                0x20007a54        0x4 build/nomagic_probe/src/cfg/serial_cfg.o
 .text.null_putc_function
                0x20007a58        0x4 build/nomagic_probe/src/cfg/serial_cfg.o
 .text.null_is_connected_function
                0x20007a5c        0x4 build/nomagic_probe/src/cfg/serial_cfg.o
 .text.null_flush_function
                0x20007a60        0x4 build/nomagic_probe/src/cfg/serial_cfg.o
 .text.tud_cdc_connected
                0x20007a64        0xc build/nomagic_probe/src/cfg/serial_cfg.o
 .text.null_is_buffer_full_function
                0x20007a70        0x4 build/nomagic_probe/src/cfg/serial_cfg.o
 .text.serial_cfg_reset_to_default
                0x20007a74       0x24 build/nomagic_probe/src/cfg/serial_cfg.o
                0x20007a74                serial_cfg_reset_to_default
 .text.serial_cfg_set
                0x20007a98       0x90 build/nomagic_probe/src/cfg/serial_cfg.o
                0x20007a98                serial_cfg_set
 .text.serial_cfg_apply
                0x20007b28      0x1f8 build/nomagic_probe/src/cfg/serial_cfg.o
                0x20007b28                serial_cfg_apply
 .text.serial_cfg_is_USB_CDC_enabled
                0x20007d20        0xc build/nomagic_probe/src/cfg/serial_cfg.o
                0x20007d20                serial_cfg_is_USB_CDC_enabled
 .text.serial_cfg_is_target_UART_enabled
                0x20007d2c        0xc build/nomagic_probe/src/cfg/serial_cfg.o
                0x20007d2c                serial_cfg_is_target_UART_enabled
 .text.serial_cfg_get_target_UART_baudrate
                0x20007d38        0xc build/nomagic_probe/src/cfg/serial_cfg.o
                0x20007d38                serial_cfg_get_target_UART_baudrate
 .text.serial_debug_send_bytes
                0x20007d44        0x8 build/nomagic_probe/src/cfg/serial_cfg.o
                0x20007d44                serial_debug_send_bytes
 .text.serial_debug_get_num_received_bytes
                0x20007d4c        0x8 build/nomagic_probe/src/cfg/serial_cfg.o
                0x20007d4c                serial_debug_get_num_received_bytes
 .text.serial_debug_get_next_received_byte
                0x20007d54        0x8 build/nomagic_probe/src/cfg/serial_cfg.o
                0x20007d54                serial_debug_get_next_received_byte
 .text.serial_debug_putc
                0x20007d5c        0x8 build/nomagic_probe/src/cfg/serial_cfg.o
                0x20007d5c                serial_debug_putc
 .text.serial_gdb_send_string
                0x20007d64       0x10 build/nomagic_probe/src/cfg/serial_cfg.o
                0x20007d64                serial_gdb_send_string
 .text.serial_gdb_send_bytes
                0x20007d74       0x10 build/nomagic_probe/src/cfg/serial_cfg.o
                0x20007d74                serial_gdb_send_bytes
 .text.serial_gdb_get_num_received_bytes
                0x20007d84       0x10 build/nomagic_probe/src/cfg/serial_cfg.o
                0x20007d84                serial_gdb_get_num_received_bytes
 .text.serial_gdb_get_next_received_byte
                0x20007d94       0x10 build/nomagic_probe/src/cfg/serial_cfg.o
                0x20007d94                serial_gdb_get_next_received_byte
 .text.serial_gdb_is_connected
                0x20007da4       0x10 build/nomagic_probe/src/cfg/serial_cfg.o
                0x20007da4                serial_gdb_is_connected
 .text.serial_gdb_flush
                0x20007db4       0x10 build/nomagic_probe/src/cfg/serial_cfg.o
                0x20007db4                serial_gdb_flush
 .text.serial_gdb_is_buffer_full
                0x20007dc4       0x10 build/nomagic_probe/src/cfg/serial_cfg.o
                0x20007dc4                serial_gdb_is_buffer_full
 .text.target_uart_pc_get_num_received_bytes
                0x20007dd4       0x10 build/nomagic_probe/src/cfg/serial_cfg.o
                0x20007dd4                target_uart_pc_get_num_received_bytes
 .text.target_uart_pc_get_next_received_byte
                0x20007de4       0x10 build/nomagic_probe/src/cfg/serial_cfg.o
                0x20007de4                target_uart_pc_get_next_received_byte
 .text.target_uart_pc_send_bytes
                0x20007df4       0x10 build/nomagic_probe/src/cfg/serial_cfg.o
                0x20007df4                target_uart_pc_send_bytes
 .text.swd_cfg_reset_to_default
                0x20007e04        0xc build/nomagic_probe/src/cfg/swd_cfg.o
                0x20007e04                swd_cfg_reset_to_default
 .text.swd_cfg_set
                0x20007e10       0x28 build/nomagic_probe/src/cfg/swd_cfg.o
                0x20007e10                swd_cfg_set
 .text.swd_cfg_apply
                0x20007e38        0x4 build/nomagic_probe/src/cfg/swd_cfg.o
                0x20007e38                swd_cfg_apply
 .text.next_char
                0x20007e3c       0x80 build/nomagic_probe/src/cfg/config_file_reader.o
 .text.get_section_handler
                0x20007ebc       0x54 build/nomagic_probe/src/cfg/config_file_reader.o
 .text.read_config_file
                0x20007f10       0x98 build/nomagic_probe/src/cfg/config_file_reader.o
                0x20007f10                read_config_file
 .text.read_ini_read
                0x20007fa8      0x254 build/nomagic_probe/src/cfg/read_ini.o
                0x20007fa8                read_ini_read
 .text.read_ini_bool
                0x200081fc       0x24 build/nomagic_probe/src/cfg/read_ini.o
                0x200081fc                read_ini_bool
 .text.read_int_address
                0x20008220       0x28 build/nomagic_probe/src/cfg/read_ini.o
                0x20008220                read_int_address
 .text.read_ipv4_address
                0x20008248       0x54 build/nomagic_probe/src/cfg/read_ini.o
                0x20008248                read_ipv4_address
 .text.swd_init
                0x2000829c       0x54 build/nomagic_probe/src/swd/swd_engine.o
                0x2000829c                swd_init
 .text.swd_reset_error_condition
                0x200082f0       0x34 build/nomagic_probe/src/swd/swd_engine.o
                0x200082f0                swd_reset_error_condition
 .text.swd_tick
                0x20008324      0x1a4 build/nomagic_probe/src/swd/swd_engine.o
                0x20008324                swd_tick
 .text.swd_connect
                0x200084c8       0xd0 build/nomagic_probe/src/swd/swd_engine.o
                0x200084c8                swd_connect
 .text.swd_write_ap
                0x20008598       0x8c build/nomagic_probe/src/swd/swd_engine.o
                0x20008598                swd_write_ap
 .text.swd_read_ap
                0x20008624       0xa0 build/nomagic_probe/src/swd/swd_engine.o
                0x20008624                swd_read_ap
 .text.swd_disconnect
                0x200086c4       0x90 build/nomagic_probe/src/swd/swd_engine.o
                0x200086c4                swd_disconnect
 .text.swd_get_result
                0x20008754       0x3c build/nomagic_probe/src/swd/swd_engine.o
                0x20008754                swd_get_result
 .text.swd_eingine_add_cmd_result
                0x20008790       0x34 build/nomagic_probe/src/swd/swd_engine.o
                0x20008790                swd_eingine_add_cmd_result
 .text.read_ap_register
                0x200087c4      0x18c build/nomagic_probe/src/swd/swd_protocol.o
 .text.swd_protocol_init
                0x20008950       0x60 build/nomagic_probe/src/swd/swd_protocol.o
                0x20008950                swd_protocol_init
 .text.swd_protocol_tick
                0x200089b0       0x44 build/nomagic_probe/src/swd/swd_protocol.o
                0x200089b0                swd_protocol_tick
 .text.swd_info
                0x200089f4      0x1d0 build/nomagic_probe/src/swd/swd_protocol.o
                0x200089f4                swd_info
 .text.connect_handler
                0x20008bc4      0x354 build/nomagic_probe/src/swd/swd_protocol.o
                0x20008bc4                connect_handler
 .text.write_handler
                0x20008f18      0x180 build/nomagic_probe/src/swd/swd_protocol.o
                0x20008f18                write_handler
 .text.read_handler
                0x20009098      0x29c build/nomagic_probe/src/swd/swd_protocol.o
                0x20009098                read_handler
 .text.read_reg_handler
                0x20009334      0x260 build/nomagic_probe/src/swd/swd_protocol.o
                0x20009334                read_reg_handler
 .text.write_reg_handler
                0x20009594       0xac build/nomagic_probe/src/swd/swd_protocol.o
                0x20009594                write_reg_handler
 .text.disconnect_handler
                0x20009640       0x2c build/nomagic_probe/src/swd/swd_protocol.o
                0x20009640                disconnect_handler
 .text.swd_packets_init
                0x2000966c        0x8 build/nomagic_probe/src/swd/swd_packets.o
                0x2000966c                swd_packets_init
 .text.swd_packet_line_reset
                0x20009674       0x64 build/nomagic_probe/src/swd/swd_packets.o
                0x20009674                swd_packet_line_reset
 .text.swd_packet_disconnect
                0x200096d8       0x64 build/nomagic_probe/src/swd/swd_packets.o
                0x200096d8                swd_packet_disconnect
 .text.swd_packet_get_result
                0x2000973c        0x8 build/nomagic_probe/src/swd/swd_packets.o
                0x2000973c                swd_packet_get_result
 .text.swd_packet_write
                0x20009744       0x8c build/nomagic_probe/src/swd/swd_packets.o
                0x20009744                swd_packet_write
 .text.swd_packet_read
                0x200097d0       0xa4 build/nomagic_probe/src/swd/swd_packets.o
                0x200097d0                swd_packet_read
 .text.jtag_to_dormant_state_sequence
                0x20009874       0x64 build/nomagic_probe/src/swd/swd_packets.o
                0x20009874                jtag_to_dormant_state_sequence
 .text.leave_dormant_state_to_swd_sequence
                0x200098d8       0x64 build/nomagic_probe/src/swd/swd_packets.o
                0x200098d8                leave_dormant_state_to_swd_sequence
 .text.write_bit.constprop.0
                0x2000993c       0x78 build/nomagic_probe/src/swd/swd_packet_bits.o
 .text.disconnect_handler
                0x200099b4       0x9c build/nomagic_probe/src/swd/swd_packet_bits.o
 .text.swd_to_dormant_handler
                0x20009a50      0x81c build/nomagic_probe/src/swd/swd_packet_bits.o
 .text.line_reset_handler
                0x2000a26c      0x954 build/nomagic_probe/src/swd/swd_packet_bits.o
 .text.send_packet_request
                0x2000abc0      0x858 build/nomagic_probe/src/swd/swd_packet_bits.o
 .text.read_package_handler
                0x2000b418      0x394 build/nomagic_probe/src/swd/swd_packet_bits.o
 .text.write_package_handler
                0x2000b7ac      0x390 build/nomagic_probe/src/swd/swd_packet_bits.o
 .text.jtag_to_dormant_handler
                0x2000bb3c     0x121c build/nomagic_probe/src/swd/swd_packet_bits.o
 .text.dormant_to_swd_handler
                0x2000cd58     0x38dc build/nomagic_probe/src/swd/swd_packet_bits.o
 .text.swd_packet_bits_init
                0x20010634       0x34 build/nomagic_probe/src/swd/swd_packet_bits.o
                0x20010634                swd_packet_bits_init
 .text.swd_packet_bits_reset_error_condition
                0x20010668       0x30 build/nomagic_probe/src/swd/swd_packet_bits.o
                0x20010668                swd_packet_bits_reset_error_condition
 .text.swd_packet_bits_is_operational
                0x20010698        0xc build/nomagic_probe/src/swd/swd_packet_bits.o
                0x20010698                swd_packet_bits_is_operational
 .text.swd_packet_bits_get_next_data_slot
                0x200106a4       0x2c build/nomagic_probe/src/swd/swd_packet_bits.o
                0x200106a4                swd_packet_bits_get_next_data_slot
 .text.swd_packet_bits_get_data_value
                0x200106d0       0x68 build/nomagic_probe/src/swd/swd_packet_bits.o
                0x200106d0                swd_packet_bits_get_data_value
 .text.swd_packet_bits_set_swdio_idle
                0x20010738        0xc build/nomagic_probe/src/swd/swd_packet_bits.o
                0x20010738                swd_packet_bits_set_swdio_idle
 .text.swd_packet_bits_tick
                0x20010744       0x7c build/nomagic_probe/src/swd/swd_packet_bits.o
                0x20010744                swd_packet_bits_tick
 .text.hw_endpoint_start_next_buffer
                0x200107c0      0x158 build/nomagic_probe/src/tinyusb/usb.o
 .text.usb_init
                0x20010918        0xc build/nomagic_probe/src/tinyusb/usb.o
                0x20010918                usb_init
 .text.usb_tick
                0x20010924       0x10 build/nomagic_probe/src/tinyusb/usb.o
                0x20010924                usb_tick
 .text.dcd_int_enable
                0x20010934        0x4 build/nomagic_probe/src/tinyusb/usb.o
                0x20010934                dcd_int_enable
 .text.dcd_int_disable
                0x20010938        0x4 build/nomagic_probe/src/tinyusb/usb.o
                0x20010938                dcd_int_disable
 .text.dcd_edpt_stall
                0x2001093c       0x30 build/nomagic_probe/src/tinyusb/usb.o
                0x2001093c                dcd_edpt_stall
 .text.dcd_set_address
                0x2001096c      0x1e8 build/nomagic_probe/src/tinyusb/usb.o
                0x2001096c                dcd_set_address
 .text.dcd_edpt_clear_stall
                0x20010b54       0x30 build/nomagic_probe/src/tinyusb/usb.o
                0x20010b54                dcd_edpt_clear_stall
 .text.dcd_edpt_close_all
                0x20010b84       0x68 build/nomagic_probe/src/tinyusb/usb.o
                0x20010b84                dcd_edpt_close_all
 .text.dcd_edpt_open
                0x20010bec       0xf0 build/nomagic_probe/src/tinyusb/usb.o
                0x20010bec                dcd_edpt_open
 .text.dcd_edpt_xfer
                0x20010cdc      0x27c build/nomagic_probe/src/tinyusb/usb.o
                0x20010cdc                dcd_edpt_xfer
 .text.hw_endpoint_xfer_continue
                0x20010f58       0xe0 build/nomagic_probe/src/tinyusb/usb.o
                0x20010f58                hw_endpoint_xfer_continue
 .text.dcd_rp2040_irq
                0x20011038      0x5f8 build/nomagic_probe/src/tinyusb/usb.o
 .text.USBCTRL_IRQ
                0x20011630        0x8 build/nomagic_probe/src/tinyusb/usb.o
                0x20011630                USBCTRL_IRQ
 .text.dcd_init
                0x20011638      0x1a8 build/nomagic_probe/src/tinyusb/usb.o
                0x20011638                dcd_init
 .text.dcd_sof_enable
                0x200117e0       0x1c build/nomagic_probe/src/tinyusb/usb.o
                0x200117e0                dcd_sof_enable
 .text.dcd_edpt0_status_complete
                0x200117fc       0x1c build/nomagic_probe/src/tinyusb/usb.o
                0x200117fc                dcd_edpt0_status_complete
 .text.tud_descriptor_string_cb
                0x20011818      0x150 build/nomagic_probe/src/tinyusb/usb_descriptors.o
                0x20011818                tud_descriptor_string_cb
 .text.tud_descriptor_configuration_cb
                0x20011968        0x8 build/nomagic_probe/src/tinyusb/usb_descriptors.o
                0x20011968                tud_descriptor_configuration_cb
 .text.tud_descriptor_device_cb
                0x20011970        0x8 build/nomagic_probe/src/tinyusb/usb_descriptors.o
                0x20011970                tud_descriptor_device_cb
 .text.update_descriptors
                0x20011978       0x98 build/nomagic_probe/src/tinyusb/usb_descriptors.o
                0x20011978                update_descriptors
 .text.tusb_init
                0x20011a10       0x24 build/nomagic_probe/src/tinyusb/src/tusb.o
                0x20011a10                tusb_init
 .text.tu_edpt_claim
                0x20011a34       0x34 build/nomagic_probe/src/tinyusb/src/tusb.o
                0x20011a34                tu_edpt_claim
 .text.tu_edpt_release
                0x20011a68       0x24 build/nomagic_probe/src/tinyusb/src/tusb.o
                0x20011a68                tu_edpt_release
 .text.tu_edpt_validate
                0x20011a8c       0xb0 build/nomagic_probe/src/tinyusb/src/tusb.o
                0x20011a8c                tu_edpt_validate
 .text.tu_edpt_bind_driver
                0x20011b3c       0x34 build/nomagic_probe/src/tinyusb/src/tusb.o
                0x20011b3c                tu_edpt_bind_driver
 .text.configuration_reset
                0x20011b70       0x90 build/nomagic_probe/src/tinyusb/src/device/usbd.o
 .text.usbd_int_set
                0x20011c00       0x20 build/nomagic_probe/src/tinyusb/src/device/usbd.o
                0x20011c00                usbd_int_set
 .text.tud_event_hook_cb
                0x20011c20        0x4 build/nomagic_probe/src/tinyusb/src/device/usbd.o
                0x20011c20                tud_event_hook_cb
 .text.tud_sof_cb
                0x20011c24        0x4 build/nomagic_probe/src/tinyusb/src/device/usbd.o
                0x20011c24                tud_sof_cb
 .text.tud_connected
                0x20011c28       0x10 build/nomagic_probe/src/tinyusb/src/device/usbd.o
                0x20011c28                tud_connected
 .text.tud_mounted
                0x20011c38       0x10 build/nomagic_probe/src/tinyusb/src/device/usbd.o
                0x20011c38                tud_mounted
 .text.tud_suspended
                0x20011c48       0x10 build/nomagic_probe/src/tinyusb/src/device/usbd.o
                0x20011c48                tud_suspended
 .text.tud_init
                0x20011c58       0xd4 build/nomagic_probe/src/tinyusb/src/device/usbd.o
                0x20011c58                tud_init
 .text.tud_task_ext
                0x20011d2c      0x7a4 build/nomagic_probe/src/tinyusb/src/device/usbd.o
                0x20011d2c                tud_task_ext
 .text.usbd_open_edpt_pair
                0x200124d0       0xe8 build/nomagic_probe/src/tinyusb/src/device/usbd.o
                0x200124d0                usbd_open_edpt_pair
 .text.usbd_edpt_open
                0x200125b8       0x5c build/nomagic_probe/src/tinyusb/src/device/usbd.o
                0x200125b8                usbd_edpt_open
 .text.usbd_edpt_claim
                0x20012614       0x20 build/nomagic_probe/src/tinyusb/src/device/usbd.o
                0x20012614                usbd_edpt_claim
 .text.usbd_edpt_release
                0x20012634       0x20 build/nomagic_probe/src/tinyusb/src/device/usbd.o
                0x20012634                usbd_edpt_release
 .text.usbd_edpt_xfer
                0x20012654       0x64 build/nomagic_probe/src/tinyusb/src/device/usbd.o
                0x20012654                usbd_edpt_xfer
 .text.usbd_edpt_busy
                0x200126b8       0x1c build/nomagic_probe/src/tinyusb/src/device/usbd.o
                0x200126b8                usbd_edpt_busy
 .text.usbd_edpt_stall
                0x200126d4       0x38 build/nomagic_probe/src/tinyusb/src/device/usbd.o
                0x200126d4                usbd_edpt_stall
 .text.usbd_edpt_stalled
                0x2001270c       0x1c build/nomagic_probe/src/tinyusb/src/device/usbd.o
                0x2001270c                usbd_edpt_stalled
 .text.tud_control_status
                0x20012728       0x2c build/nomagic_probe/src/tinyusb/src/device/usbd_control.o
                0x20012728                tud_control_status
 .text.tud_control_xfer
                0x20012754       0xe0 build/nomagic_probe/src/tinyusb/src/device/usbd_control.o
                0x20012754                tud_control_xfer
 .text.usbd_control_reset
                0x20012834       0x14 build/nomagic_probe/src/tinyusb/src/device/usbd_control.o
                0x20012834                usbd_control_reset
 .text.usbd_control_set_complete_callback
                0x20012848        0xc build/nomagic_probe/src/tinyusb/src/device/usbd_control.o
                0x20012848                usbd_control_set_complete_callback
 .text.usbd_control_set_request
                0x20012854       0x1c build/nomagic_probe/src/tinyusb/src/device/usbd_control.o
                0x20012854                usbd_control_set_request
 .text.usbd_control_xfer_cb
                0x20012870      0x114 build/nomagic_probe/src/tinyusb/src/device/usbd_control.o
                0x20012870                usbd_control_xfer_cb
 .text.tu_fifo_config
                0x20012984       0x2c build/nomagic_probe/src/tinyusb/src/common/tusb_fifo.o
                0x20012984                tu_fifo_config
 .text.tu_fifo_count
                0x200129b0       0x2c build/nomagic_probe/src/tinyusb/src/common/tusb_fifo.o
                0x200129b0                tu_fifo_count
 .text.tu_fifo_empty
                0x200129dc       0x10 build/nomagic_probe/src/tinyusb/src/common/tusb_fifo.o
                0x200129dc                tu_fifo_empty
 .text.tu_fifo_remaining
                0x200129ec       0x2c build/nomagic_probe/src/tinyusb/src/common/tusb_fifo.o
                0x200129ec                tu_fifo_remaining
 .text.tu_fifo_read
                0x20012a18       0x84 build/nomagic_probe/src/tinyusb/src/common/tusb_fifo.o
                0x20012a18                tu_fifo_read
 .text.tu_fifo_read_n
                0x20012a9c       0xcc build/nomagic_probe/src/tinyusb/src/common/tusb_fifo.o
                0x20012a9c                tu_fifo_read_n
 .text.tu_fifo_write
                0x20012b68       0x84 build/nomagic_probe/src/tinyusb/src/common/tusb_fifo.o
                0x20012b68                tu_fifo_write
 .text.tu_fifo_write_n
                0x20012bec      0x15c build/nomagic_probe/src/tinyusb/src/common/tusb_fifo.o
                0x20012bec                tu_fifo_write_n
 .text.tu_fifo_clear
                0x20012d48        0xc build/nomagic_probe/src/tinyusb/src/common/tusb_fifo.o
                0x20012d48                tu_fifo_clear
 .text.tu_fifo_set_overwritable
                0x20012d54       0x10 build/nomagic_probe/src/tinyusb/src/common/tusb_fifo.o
                0x20012d54                tu_fifo_set_overwritable
 .text.usb_cdc_putc
                0x20012d64       0x38 build/nomagic_probe/src/tinyusb/usb_cdc.o
                0x20012d64                usb_cdc_putc
 .text.usb_cdc_send_string
                0x20012d9c       0x50 build/nomagic_probe/src/tinyusb/usb_cdc.o
                0x20012d9c                usb_cdc_send_string
 .text.usb_cdc_send_bytes
                0x20012dec       0x38 build/nomagic_probe/src/tinyusb/usb_cdc.o
                0x20012dec                usb_cdc_send_bytes
 .text.usb_cdc_flush
                0x20012e24        0xc build/nomagic_probe/src/tinyusb/usb_cdc.o
                0x20012e24                usb_cdc_flush
 .text.usb_cdc_get_num_received_bytes
                0x20012e30        0xc build/nomagic_probe/src/tinyusb/usb_cdc.o
                0x20012e30                usb_cdc_get_num_received_bytes
 .text.usb_cdc_get_next_received_byte
                0x20012e3c       0x1c build/nomagic_probe/src/tinyusb/usb_cdc.o
                0x20012e3c                usb_cdc_get_next_received_byte
 .text.tud_cdc_n_connected
                0x20012e58       0x34 build/nomagic_probe/src/tinyusb/src/class/cdc/cdc_device.o
                0x20012e58                tud_cdc_n_connected
 .text.tud_cdc_n_available
                0x20012e8c       0x1c build/nomagic_probe/src/tinyusb/src/class/cdc/cdc_device.o
                0x20012e8c                tud_cdc_n_available
 .text.tud_cdc_n_read
                0x20012ea8       0x88 build/nomagic_probe/src/tinyusb/src/class/cdc/cdc_device.o
                0x20012ea8                tud_cdc_n_read
 .text.tud_cdc_n_write_flush
                0x20012f30       0x90 build/nomagic_probe/src/tinyusb/src/class/cdc/cdc_device.o
                0x20012f30                tud_cdc_n_write_flush
 .text.tud_cdc_n_write
                0x20012fc0       0x44 build/nomagic_probe/src/tinyusb/src/class/cdc/cdc_device.o
                0x20012fc0                tud_cdc_n_write
 .text.cdcd_init
                0x20013004       0x50 build/nomagic_probe/src/tinyusb/src/class/cdc/cdc_device.o
                0x20013004                cdcd_init
 .text.cdcd_deinit
                0x20013054        0x4 build/nomagic_probe/src/tinyusb/src/class/cdc/cdc_device.o
                0x20013054                cdcd_deinit
 .text.cdcd_reset
                0x20013058       0x2c build/nomagic_probe/src/tinyusb/src/class/cdc/cdc_device.o
                0x20013058                cdcd_reset
 .text.cdcd_open
                0x20013084      0x114 build/nomagic_probe/src/tinyusb/src/class/cdc/cdc_device.o
                0x20013084                cdcd_open
 .text.cdcd_control_xfer_cb
                0x20013198       0xe4 build/nomagic_probe/src/tinyusb/src/class/cdc/cdc_device.o
                0x20013198                cdcd_control_xfer_cb
 .text.cdcd_xfer_cb
                0x2001327c      0x14c build/nomagic_probe/src/tinyusb/src/class/cdc/cdc_device.o
                0x2001327c                cdcd_xfer_cb
 .text.tud_msc_inquiry_cb
                0x200133c8       0x70 build/nomagic_probe/src/tinyusb/usb_msc.o
                0x200133c8                tud_msc_inquiry_cb
 .text.tud_msc_test_unit_ready_cb
                0x20013438        0x4 build/nomagic_probe/src/tinyusb/usb_msc.o
                0x20013438                tud_msc_test_unit_ready_cb
 .text.tud_msc_capacity_cb
                0x2001343c       0x14 build/nomagic_probe/src/tinyusb/usb_msc.o
                0x2001343c                tud_msc_capacity_cb
 .text.tud_msc_start_stop_cb
                0x20013450        0x4 build/nomagic_probe/src/tinyusb/usb_msc.o
                0x20013450                tud_msc_start_stop_cb
 .text.tud_msc_read10_cb
                0x20013454       0x10 build/nomagic_probe/src/tinyusb/usb_msc.o
                0x20013454                tud_msc_read10_cb
 .text.tud_msc_is_writable_cb
                0x20013464        0x4 build/nomagic_probe/src/tinyusb/usb_msc.o
                0x20013464                tud_msc_is_writable_cb
 .text.tud_msc_write10_cb
                0x20013468       0x10 build/nomagic_probe/src/tinyusb/usb_msc.o
                0x20013468                tud_msc_write10_cb
 .text.tud_msc_scsi_cb
                0x20013478       0x14 build/nomagic_probe/src/tinyusb/usb_msc.o
                0x20013478                tud_msc_scsi_cb
 .text.proc_read10_cmd.constprop.0
                0x2001348c      0x114 build/nomagic_probe/src/tinyusb/src/class/msc/msc_device.o
 .text.proc_write10_cmd.constprop.0
                0x200135a0       0xa8 build/nomagic_probe/src/tinyusb/src/class/msc/msc_device.o
 .text.tud_msc_set_sense
                0x20013648       0x18 build/nomagic_probe/src/tinyusb/src/class/msc/msc_device.o
                0x20013648                tud_msc_set_sense
 .text.mscd_init
                0x20013660       0x14 build/nomagic_probe/src/tinyusb/src/class/msc/msc_device.o
                0x20013660                mscd_init
 .text.mscd_reset
                0x20013674       0x14 build/nomagic_probe/src/tinyusb/src/class/msc/msc_device.o
                0x20013674                mscd_reset
 .text.mscd_open
                0x20013688       0x9c build/nomagic_probe/src/tinyusb/src/class/msc/msc_device.o
                0x20013688                mscd_open
 .text.mscd_control_xfer_cb
                0x20013724      0x160 build/nomagic_probe/src/tinyusb/src/class/msc/msc_device.o
                0x20013724                mscd_control_xfer_cb
 .text.mscd_xfer_cb
                0x20013884      0x7c4 build/nomagic_probe/src/tinyusb/src/class/msc/msc_device.o
                0x20013884                mscd_xfer_cb
 .text.linkoutput_fn
                0x20014048       0x40 build/nomagic_probe/src/lwip/lwip.o
 .text.netif_init_function
                0x20014088       0x84 build/nomagic_probe/src/lwip/lwip.o
 .text.network_stack_init
                0x2001410c       0xb0 build/nomagic_probe/src/lwip/lwip.o
                0x2001410c                network_stack_init
 .text.network_stack_tick
                0x200141bc       0x54 build/nomagic_probe/src/lwip/lwip.o
                0x200141bc                network_stack_tick
 .text.sys_now  0x20014210        0x8 build/nomagic_probe/src/lwip/lwip.o
                0x20014210                sys_now
 .text.tud_network_xmit_cb
                0x20014218        0xc build/nomagic_probe/src/lwip/lwip.o
                0x20014218                tud_network_xmit_cb
 .text.tud_network_recv_cb
                0x20014224       0x5c build/nomagic_probe/src/lwip/lwip.o
                0x20014224                tud_network_recv_cb
 .text.network_gdb_send_bytes
                0x20014280      0x114 build/nomagic_probe/src/lwip/lwip.o
                0x20014280                network_gdb_send_bytes
 .text.network_gdb_send_string
                0x20014394       0x1c build/nomagic_probe/src/lwip/lwip.o
                0x20014394                network_gdb_send_string
 .text.network_gdb_flush
                0x200143b0       0x14 build/nomagic_probe/src/lwip/lwip.o
                0x200143b0                network_gdb_flush
 .text.network_gdb_get_num_received_bytes
                0x200143c4       0x10 build/nomagic_probe/src/lwip/lwip.o
                0x200143c4                network_gdb_get_num_received_bytes
 .text.network_gdb_get_next_received_byte
                0x200143d4       0x10 build/nomagic_probe/src/lwip/lwip.o
                0x200143d4                network_gdb_get_next_received_byte
 .text.network_gdb_putc
                0x200143e4       0x14 build/nomagic_probe/src/lwip/lwip.o
                0x200143e4                network_gdb_putc
 .text.network_gdb_is_connected
                0x200143f8        0xc build/nomagic_probe/src/lwip/lwip.o
                0x200143f8                network_gdb_is_connected
 .text.network_gdb_is_buffer_full
                0x20014404       0x18 build/nomagic_probe/src/lwip/lwip.o
                0x20014404                network_gdb_is_buffer_full
 .text.network_target_uart_get_num_received_bytes
                0x2001441c       0x10 build/nomagic_probe/src/lwip/lwip.o
                0x2001441c                network_target_uart_get_num_received_bytes
 .text.network_target_uart_get_next_received_byte
                0x2001442c       0x10 build/nomagic_probe/src/lwip/lwip.o
                0x2001442c                network_target_uart_get_next_received_byte
 .text.network_target_uart_send_bytes
                0x2001443c      0x114 build/nomagic_probe/src/lwip/lwip.o
                0x2001443c                network_target_uart_send_bytes
 .text.recieve_cb
                0x20014550      0x160 build/nomagic_probe/src/lwip/dhcp_server.o
 .text.dhcp_server_init
                0x200146b0      0x17c build/nomagic_probe/src/lwip/dhcp_server.o
                0x200146b0                dhcp_server_init
 .text.pipe_sent
                0x2001482c        0x4 build/nomagic_probe/src/lwip/tcp_pipe.o
 .text.pipe_accept
                0x20014830       0x34 build/nomagic_probe/src/lwip/tcp_pipe.o
 .text.pipe_recv
                0x20014864       0xd8 build/nomagic_probe/src/lwip/tcp_pipe.o
 .text.tcp_pipe_activate
                0x2001493c       0xd0 build/nomagic_probe/src/lwip/tcp_pipe.o
                0x2001493c                tcp_pipe_activate
 .text.tcp_pipe_write
                0x20014a0c       0x34 build/nomagic_probe/src/lwip/tcp_pipe.o
                0x20014a0c                tcp_pipe_write
 .text.tcp_pipe_get_num_received_bytes
                0x20014a40       0x34 build/nomagic_probe/src/lwip/tcp_pipe.o
                0x20014a40                tcp_pipe_get_num_received_bytes
 .text.tcp_pipe_get_next_received_byte
                0x20014a74       0x38 build/nomagic_probe/src/lwip/tcp_pipe.o
                0x20014a74                tcp_pipe_get_next_received_byte
 .text.lwip_init
                0x20014aac       0x1c build/nomagic_probe/src/lwip/src/core/init.o
                0x20014aac                lwip_init
 .text.lwip_htons
                0x20014ac8        0x8 build/nomagic_probe/src/lwip/src/core/def.o
                0x20014ac8                lwip_htons
 .text.lwip_htonl
                0x20014ad0        0x4 build/nomagic_probe/src/lwip/src/core/def.o
                0x20014ad0                lwip_htonl
 .text.lwip_standard_chksum
                0x20014ad4       0x88 build/nomagic_probe/src/lwip/src/core/inet_chksum.o
                0x20014ad4                lwip_standard_chksum
 .text.inet_chksum_pseudo
                0x20014b5c       0xbc build/nomagic_probe/src/lwip/src/core/inet_chksum.o
                0x20014b5c                inet_chksum_pseudo
 .text.ip_chksum_pseudo
                0x20014c18       0x10 build/nomagic_probe/src/lwip/src/core/inet_chksum.o
                0x20014c18                ip_chksum_pseudo
 .text.inet_chksum
                0x20014c28       0x8c build/nomagic_probe/src/lwip/src/core/inet_chksum.o
                0x20014c28                inet_chksum
 .text.inet_chksum_pbuf
                0x20014cb4       0x78 build/nomagic_probe/src/lwip/src/core/inet_chksum.o
                0x20014cb4                inet_chksum_pbuf
 .text.mem_init
                0x20014d2c       0x40 build/nomagic_probe/src/lwip/src/core/mem.o
                0x20014d2c                mem_init
 .text.mem_free
                0x20014d6c      0x17c build/nomagic_probe/src/lwip/src/core/mem.o
                0x20014d6c                mem_free
 .text.mem_trim
                0x20014ee8      0x14c build/nomagic_probe/src/lwip/src/core/mem.o
                0x20014ee8                mem_trim
 .text.mem_malloc
                0x20015034      0x154 build/nomagic_probe/src/lwip/src/core/mem.o
                0x20015034                mem_malloc
 .text.do_memp_malloc_pool.part.0
                0x20015188       0x20 build/nomagic_probe/src/lwip/src/core/memp.o
 .text.do_memp_free_pool.part.0
                0x200151a8       0x20 build/nomagic_probe/src/lwip/src/core/memp.o
 .text.memp_init
                0x200151c8       0x6c build/nomagic_probe/src/lwip/src/core/memp.o
                0x200151c8                memp_init
 .text.memp_malloc
                0x20015234       0x34 build/nomagic_probe/src/lwip/src/core/memp.o
                0x20015234                memp_malloc
 .text.memp_free
                0x20015268       0x34 build/nomagic_probe/src/lwip/src/core/memp.o
                0x20015268                memp_free
 .text.netif_null_output_ip4
                0x2001529c        0x8 build/nomagic_probe/src/lwip/src/core/netif.o
 .text.netif_init
                0x200152a4        0x4 build/nomagic_probe/src/lwip/src/core/netif.o
                0x200152a4                netif_init
 .text.netif_add
                0x200152a8      0x12c build/nomagic_probe/src/lwip/src/core/netif.o
                0x200152a8                netif_add
 .text.netif_set_default
                0x200153d4        0xc build/nomagic_probe/src/lwip/src/core/netif.o
                0x200153d4                netif_set_default
 .text.netif_set_up
                0x200153e0       0x44 build/nomagic_probe/src/lwip/src/core/netif.o
                0x200153e0                netif_set_up
 .text.netif_get_by_index
                0x20015424       0x28 build/nomagic_probe/src/lwip/src/core/netif.o
                0x20015424                netif_get_by_index
 .text.pbuf_remove_header.part.0
                0x2001544c       0x24 build/nomagic_probe/src/lwip/src/core/pbuf.o
 .text.pbuf_ref.part.0
                0x20015470       0x20 build/nomagic_probe/src/lwip/src/core/pbuf.o
 .text.pbuf_cat.part.0
                0x20015490       0x20 build/nomagic_probe/src/lwip/src/core/pbuf.o
 .text.pbuf_clone.part.0
                0x200154b0       0x24 build/nomagic_probe/src/lwip/src/core/pbuf.o
 .text.pbuf_free_ooseq
                0x200154d4       0x2c build/nomagic_probe/src/lwip/src/core/pbuf.o
                0x200154d4                pbuf_free_ooseq
 .text.pbuf_alloced_custom
                0x20015500       0x38 build/nomagic_probe/src/lwip/src/core/pbuf.o
                0x20015500                pbuf_alloced_custom
 .text.pbuf_add_header
                0x20015538       0x68 build/nomagic_probe/src/lwip/src/core/pbuf.o
                0x20015538                pbuf_add_header
 .text.pbuf_remove_header
                0x200155a0       0x40 build/nomagic_probe/src/lwip/src/core/pbuf.o
                0x200155a0                pbuf_remove_header
 .text.pbuf_header_force
                0x200155e0       0x90 build/nomagic_probe/src/lwip/src/core/pbuf.o
                0x200155e0                pbuf_header_force
 .text.pbuf_free
                0x20015670       0xd4 build/nomagic_probe/src/lwip/src/core/pbuf.o
                0x20015670                pbuf_free
 .text.pbuf_alloc
                0x20015744      0x140 build/nomagic_probe/src/lwip/src/core/pbuf.o
                0x20015744                pbuf_alloc
 .text.pbuf_realloc
                0x20015884       0xc4 build/nomagic_probe/src/lwip/src/core/pbuf.o
                0x20015884                pbuf_realloc
 .text.pbuf_clen
                0x20015948       0x14 build/nomagic_probe/src/lwip/src/core/pbuf.o
                0x20015948                pbuf_clen
 .text.pbuf_ref
                0x2001595c       0x18 build/nomagic_probe/src/lwip/src/core/pbuf.o
                0x2001595c                pbuf_ref
 .text.pbuf_cat
                0x20015974       0x4c build/nomagic_probe/src/lwip/src/core/pbuf.o
                0x20015974                pbuf_cat
 .text.pbuf_chain
                0x200159c0       0x60 build/nomagic_probe/src/lwip/src/core/pbuf.o
                0x200159c0                pbuf_chain
 .text.pbuf_copy_partial_pbuf
                0x20015a20      0x1a0 build/nomagic_probe/src/lwip/src/core/pbuf.o
                0x20015a20                pbuf_copy_partial_pbuf
 .text.pbuf_copy
                0x20015bc0       0x20 build/nomagic_probe/src/lwip/src/core/pbuf.o
                0x20015bc0                pbuf_copy
 .text.pbuf_copy_partial
                0x20015be0       0x84 build/nomagic_probe/src/lwip/src/core/pbuf.o
                0x20015be0                pbuf_copy_partial
 .text.pbuf_clone
                0x20015c64       0x28 build/nomagic_probe/src/lwip/src/core/pbuf.o
                0x20015c64                pbuf_clone
 .text.tcp_close_shutdown_fin
                0x20015c8c       0x68 build/nomagic_probe/src/lwip/src/core/tcp.o
 .text.tcp_free.part.0
                0x20015cf4       0x20 build/nomagic_probe/src/lwip/src/core/tcp.o
 .text.tcp_pcb_purge.part.0
                0x20015d14       0xc4 build/nomagic_probe/src/lwip/src/core/tcp.o
 .text.tcp_init
                0x20015dd8       0x20 build/nomagic_probe/src/lwip/src/core/tcp.o
                0x20015dd8                tcp_init
 .text.tcp_free
                0x20015df8       0x18 build/nomagic_probe/src/lwip/src/core/tcp.o
                0x20015df8                tcp_free
 .text.tcp_bind
                0x20015e10      0x108 build/nomagic_probe/src/lwip/src/core/tcp.o
                0x20015e10                tcp_bind
 .text.tcp_listen_with_backlog
                0x20015f18       0xb0 build/nomagic_probe/src/lwip/src/core/tcp.o
                0x20015f18                tcp_listen_with_backlog
 .text.tcp_update_rcv_ann_wnd
                0x20015fc8       0x7c build/nomagic_probe/src/lwip/src/core/tcp.o
                0x20015fc8                tcp_update_rcv_ann_wnd
 .text.tcp_recved
                0x20016044       0xc4 build/nomagic_probe/src/lwip/src/core/tcp.o
                0x20016044                tcp_recved
 .text.tcp_slowtmr
                0x20016108      0x5bc build/nomagic_probe/src/lwip/src/core/tcp.o
                0x20016108                tcp_slowtmr
 .text.tcp_segs_free
                0x200166c4       0x38 build/nomagic_probe/src/lwip/src/core/tcp.o
                0x200166c4                tcp_segs_free
 .text.tcp_seg_free
                0x200166fc       0x1c build/nomagic_probe/src/lwip/src/core/tcp.o
                0x200166fc                tcp_seg_free
 .text.tcp_seg_copy
                0x20016718       0x44 build/nomagic_probe/src/lwip/src/core/tcp.o
                0x20016718                tcp_seg_copy
 .text.tcp_arg  0x2001675c        0x8 build/nomagic_probe/src/lwip/src/core/tcp.o
                0x2001675c                tcp_arg
 .text.tcp_recv
                0x20016764       0x30 build/nomagic_probe/src/lwip/src/core/tcp.o
                0x20016764                tcp_recv
 .text.tcp_sent
                0x20016794       0x34 build/nomagic_probe/src/lwip/src/core/tcp.o
                0x20016794                tcp_sent
 .text.tcp_accept
                0x200167c8       0x10 build/nomagic_probe/src/lwip/src/core/tcp.o
                0x200167c8                tcp_accept
 .text.tcp_pcb_purge
                0x200167d8       0x24 build/nomagic_probe/src/lwip/src/core/tcp.o
                0x200167d8                tcp_pcb_purge
 .text.tcp_pcb_remove
                0x200167fc      0x114 build/nomagic_probe/src/lwip/src/core/tcp.o
                0x200167fc                tcp_pcb_remove
 .text.tcp_abandon
                0x20016910      0x1c4 build/nomagic_probe/src/lwip/src/core/tcp.o
                0x20016910                tcp_abandon
 .text.tcp_abort
                0x20016ad4        0xc build/nomagic_probe/src/lwip/src/core/tcp.o
                0x20016ad4                tcp_abort
 .text.tcp_accept_null
                0x20016ae0       0x34 build/nomagic_probe/src/lwip/src/core/tcp.o
 .text.tcp_alloc
                0x20016b14      0x1c4 build/nomagic_probe/src/lwip/src/core/tcp.o
                0x20016b14                tcp_alloc
 .text.tcp_new  0x20016cd8        0xc build/nomagic_probe/src/lwip/src/core/tcp.o
                0x20016cd8                tcp_new
 .text.tcp_close_shutdown
                0x20016ce4      0x1ac build/nomagic_probe/src/lwip/src/core/tcp.o
 .text.tcp_recv_null
                0x20016e90       0xf8 build/nomagic_probe/src/lwip/src/core/tcp.o
                0x20016e90                tcp_recv_null
 .text.tcp_process_refused_data
                0x20016f88       0x80 build/nomagic_probe/src/lwip/src/core/tcp.o
                0x20016f88                tcp_process_refused_data
 .text.tcp_fasttmr
                0x20017008       0x98 build/nomagic_probe/src/lwip/src/core/tcp.o
                0x20017008                tcp_fasttmr
 .text.tcp_tmr  0x200170a0       0x20 build/nomagic_probe/src/lwip/src/core/tcp.o
                0x200170a0                tcp_tmr
 .text.tcp_close
                0x200170c0      0x184 build/nomagic_probe/src/lwip/src/core/tcp.o
                0x200170c0                tcp_close
 .text.tcp_next_iss
                0x20017244       0x3c build/nomagic_probe/src/lwip/src/core/tcp.o
                0x20017244                tcp_next_iss
 .text.tcp_eff_send_mss_netif
                0x20017280       0x48 build/nomagic_probe/src/lwip/src/core/tcp.o
                0x20017280                tcp_eff_send_mss_netif
 .text.tcp_netif_ip_addr_changed
                0x200172c8       0x94 build/nomagic_probe/src/lwip/src/core/tcp.o
                0x200172c8                tcp_netif_ip_addr_changed
 .text.tcp_free_ooseq
                0x2001735c       0x40 build/nomagic_probe/src/lwip/src/core/tcp.o
                0x2001735c                tcp_free_ooseq
 .text.tcp_parseopt
                0x2001739c      0x1d4 build/nomagic_probe/src/lwip/src/core/tcp_in.o
 .text.tcp_oos_insert_segment
                0x20017570       0xf0 build/nomagic_probe/src/lwip/src/core/tcp_in.o
 .text.tcp_free_acked_segments.isra.0
                0x20017660      0x100 build/nomagic_probe/src/lwip/src/core/tcp_in.o
 .text.tcp_receive
                0x20017760      0xa9c build/nomagic_probe/src/lwip/src/core/tcp_in.o
 .text.tcp_input
                0x200181fc      0xd6c build/nomagic_probe/src/lwip/src/core/tcp_in.o
                0x200181fc                tcp_input
 .text.tcp_trigger_input_pcb_close
                0x20018f68       0x10 build/nomagic_probe/src/lwip/src/core/tcp_in.o
                0x20018f68                tcp_trigger_input_pcb_close
 .text.tcp_pbuf_prealloc
                0x20018f78       0xa8 build/nomagic_probe/src/lwip/src/core/tcp_out.o
 .text.tcp_create_segment
                0x20019020      0x110 build/nomagic_probe/src/lwip/src/core/tcp_out.o
 .text.tcp_rst_common.part.0
                0x20019130       0x24 build/nomagic_probe/src/lwip/src/core/tcp_out.o
 .text.tcp_rexmit_rto_commit.part.0
                0x20019154       0x24 build/nomagic_probe/src/lwip/src/core/tcp_out.o
 .text.tcp_output_control_segment
                0x20019178       0xc8 build/nomagic_probe/src/lwip/src/core/tcp_out.o
 .text.tcp_write
                0x20019240      0x754 build/nomagic_probe/src/lwip/src/core/tcp_out.o
                0x20019240                tcp_write
 .text.tcp_split_unsent_seg
                0x20019994      0x1d0 build/nomagic_probe/src/lwip/src/core/tcp_out.o
                0x20019994                tcp_split_unsent_seg
 .text.tcp_send_fin
                0x20019b64      0x144 build/nomagic_probe/src/lwip/src/core/tcp_out.o
                0x20019b64                tcp_send_fin
 .text.tcp_enqueue_flags
                0x20019ca8      0x158 build/nomagic_probe/src/lwip/src/core/tcp_out.o
                0x20019ca8                tcp_enqueue_flags
 .text.tcp_rexmit_rto_prepare
                0x20019e00       0xc0 build/nomagic_probe/src/lwip/src/core/tcp_out.o
                0x20019e00                tcp_rexmit_rto_prepare
 .text.tcp_rexmit
                0x20019ec0       0xb4 build/nomagic_probe/src/lwip/src/core/tcp_out.o
                0x20019ec0                tcp_rexmit
 .text.tcp_rexmit_fast
                0x20019f74       0x78 build/nomagic_probe/src/lwip/src/core/tcp_out.o
                0x20019f74                tcp_rexmit_fast
 .text.tcp_rst  0x20019fec      0x118 build/nomagic_probe/src/lwip/src/core/tcp_out.o
                0x20019fec                tcp_rst
 .text.tcp_rst_netif
                0x2001a104      0x154 build/nomagic_probe/src/lwip/src/core/tcp_out.o
                0x2001a104                tcp_rst_netif
 .text.tcp_send_empty_ack
                0x2001a258      0x114 build/nomagic_probe/src/lwip/src/core/tcp_out.o
                0x2001a258                tcp_send_empty_ack
 .text.tcp_output
                0x2001a36c      0x488 build/nomagic_probe/src/lwip/src/core/tcp_out.o
                0x2001a36c                tcp_output
 .text.tcp_rexmit_rto_commit
                0x2001a7f4       0x1c build/nomagic_probe/src/lwip/src/core/tcp_out.o
                0x2001a7f4                tcp_rexmit_rto_commit
 .text.tcp_rexmit_rto
                0x2001a810       0xc8 build/nomagic_probe/src/lwip/src/core/tcp_out.o
                0x2001a810                tcp_rexmit_rto
 .text.tcp_keepalive
                0x2001a8d8      0x100 build/nomagic_probe/src/lwip/src/core/tcp_out.o
                0x2001a8d8                tcp_keepalive
 .text.tcp_zero_window_probe
                0x2001a9d8      0x1cc build/nomagic_probe/src/lwip/src/core/tcp_out.o
                0x2001a9d8                tcp_zero_window_probe
 .text.sys_timeout_abs
                0x2001aba4       0x5c build/nomagic_probe/src/lwip/src/core/timeouts.o
 .text.lwip_cyclic_timer
                0x2001ac00       0x38 build/nomagic_probe/src/lwip/src/core/timeouts.o
 .text.tcpip_tcp_timer
                0x2001ac38       0x3c build/nomagic_probe/src/lwip/src/core/timeouts.o
 .text.sys_timeout.part.0
                0x2001ac74       0x20 build/nomagic_probe/src/lwip/src/core/timeouts.o
 .text.tcp_timer_needed
                0x2001ac94       0x40 build/nomagic_probe/src/lwip/src/core/timeouts.o
                0x2001ac94                tcp_timer_needed
 .text.sys_timeouts_init
                0x2001acd4       0x98 build/nomagic_probe/src/lwip/src/core/timeouts.o
                0x2001acd4                sys_timeouts_init
 .text.sys_check_timeouts
                0x2001ad6c       0x68 build/nomagic_probe/src/lwip/src/core/timeouts.o
                0x2001ad6c                sys_check_timeouts
 .text.udp_init
                0x2001add4       0x20 build/nomagic_probe/src/lwip/src/core/udp.o
                0x2001add4                udp_init
 .text.udp_input
                0x2001adf4      0x2ec build/nomagic_probe/src/lwip/src/core/udp.o
                0x2001adf4                udp_input
 .text.udp_bind
                0x2001b0e0      0x124 build/nomagic_probe/src/lwip/src/core/udp.o
                0x2001b0e0                udp_bind
 .text.udp_sendto_if_src
                0x2001b204      0x174 build/nomagic_probe/src/lwip/src/core/udp.o
                0x2001b204                udp_sendto_if_src
 .text.udp_send
                0x2001b378       0x7c build/nomagic_probe/src/lwip/src/core/udp.o
                0x2001b378                udp_send
 .text.udp_connect
                0x2001b3f4       0x74 build/nomagic_probe/src/lwip/src/core/udp.o
                0x2001b3f4                udp_connect
 .text.udp_disconnect
                0x2001b468       0x24 build/nomagic_probe/src/lwip/src/core/udp.o
                0x2001b468                udp_disconnect
 .text.udp_recv
                0x2001b48c       0x18 build/nomagic_probe/src/lwip/src/core/udp.o
                0x2001b48c                udp_recv
 .text.udp_new  0x2001b4a4       0x1c build/nomagic_probe/src/lwip/src/core/udp.o
                0x2001b4a4                udp_new
 .text.udp_netif_ip_addr_changed
                0x2001b4c0       0x40 build/nomagic_probe/src/lwip/src/core/udp.o
                0x2001b4c0                udp_netif_ip_addr_changed
 .text.etharp_raw
                0x2001b500      0x108 build/nomagic_probe/src/lwip/src/core/ipv4/etharp.o
 .text.etharp_output_to_arp_index
                0x2001b608       0xe4 build/nomagic_probe/src/lwip/src/core/ipv4/etharp.o
 .text.etharp_find_entry.isra.0
                0x2001b6ec      0x574 build/nomagic_probe/src/lwip/src/core/ipv4/etharp.o
 .text.etharp_tmr
                0x2001bc60      0x218 build/nomagic_probe/src/lwip/src/core/ipv4/etharp.o
                0x2001bc60                etharp_tmr
 .text.etharp_input
                0x2001be78      0x1a0 build/nomagic_probe/src/lwip/src/core/ipv4/etharp.o
                0x2001be78                etharp_input
 .text.etharp_query
                0x2001c018      0x1bc build/nomagic_probe/src/lwip/src/core/ipv4/etharp.o
                0x2001c018                etharp_query
 .text.etharp_output
                0x2001c1d4      0x178 build/nomagic_probe/src/lwip/src/core/ipv4/etharp.o
                0x2001c1d4                etharp_output
 .text.etharp_request
                0x2001c34c      0x110 build/nomagic_probe/src/lwip/src/core/ipv4/etharp.o
                0x2001c34c                etharp_request
 .text.icmp_input
                0x2001c45c      0x1a0 build/nomagic_probe/src/lwip/src/core/ipv4/icmp.o
                0x2001c45c                icmp_input
 .text.icmp_dest_unreach
                0x2001c5fc       0xd4 build/nomagic_probe/src/lwip/src/core/ipv4/icmp.o
                0x2001c5fc                icmp_dest_unreach
 .text.icmp_time_exceeded
                0x2001c6d0       0xd4 build/nomagic_probe/src/lwip/src/core/ipv4/icmp.o
                0x2001c6d0                icmp_time_exceeded
 .text.ip_reass_dequeue_datagram.part.0
                0x2001c7a4       0x20 build/nomagic_probe/src/lwip/src/core/ipv4/ip4_frag.o
 .text.ipfrag_free_pbuf_custom
                0x2001c7c4       0x3c build/nomagic_probe/src/lwip/src/core/ipv4/ip4_frag.o
 .text.ip_reass_free_complete_datagram
                0x2001c800      0x144 build/nomagic_probe/src/lwip/src/core/ipv4/ip4_frag.o
 .text.ip_reass_remove_oldest_datagram
                0x2001c944       0xd8 build/nomagic_probe/src/lwip/src/core/ipv4/ip4_frag.o
 .text.ip_reass_tmr
                0x2001ca1c       0x30 build/nomagic_probe/src/lwip/src/core/ipv4/ip4_frag.o
                0x2001ca1c                ip_reass_tmr
 .text.ip4_reass
                0x2001ca4c      0x518 build/nomagic_probe/src/lwip/src/core/ipv4/ip4_frag.o
                0x2001ca4c                ip4_reass
 .text.ip4_frag
                0x2001cf64      0x220 build/nomagic_probe/src/lwip/src/core/ipv4/ip4_frag.o
                0x2001cf64                ip4_frag
 .text.ip4_route
                0x2001d184       0x34 build/nomagic_probe/src/lwip/src/core/ipv4/ip4.o
                0x2001d184                ip4_route
 .text.ip4_input
                0x2001d1b8      0x1dc build/nomagic_probe/src/lwip/src/core/ipv4/ip4.o
                0x2001d1b8                ip4_input
 .text.ip4_output_if
                0x2001d394      0x1a8 build/nomagic_probe/src/lwip/src/core/ipv4/ip4.o
                0x2001d394                ip4_output_if
 .text.ip4_output_if_src
                0x2001d53c      0x194 build/nomagic_probe/src/lwip/src/core/ipv4/ip4.o
                0x2001d53c                ip4_output_if_src
 .text.ip4_addr_isbroadcast_u32
                0x2001d6d0       0x3c build/nomagic_probe/src/lwip/src/core/ipv4/ip4_addr.o
                0x2001d6d0                ip4_addr_isbroadcast_u32
 .text.ethernet_input
                0x2001d70c       0xb0 build/nomagic_probe/src/lwip/src/netif/ethernet.o
                0x2001d70c                ethernet_input
 .text.ethernet_output
                0x2001d7bc       0x80 build/nomagic_probe/src/lwip/src/netif/ethernet.o
                0x2001d7bc                ethernet_output
 .text.recv_try_to_start_new_reception
                0x2001d83c       0x98 build/nomagic_probe/src/tinyusb/src/class/net/ncm_device.o
 .text.recv_transfer_datagram_to_glue_logic
                0x2001d8d4       0xd4 build/nomagic_probe/src/tinyusb/src/class/net/ncm_device.o
 .text.xmit_start_if_possible
                0x2001d9a8       0x80 build/nomagic_probe/src/tinyusb/src/class/net/ncm_device.o
 .text.tud_network_can_xmit
                0x2001da28      0x168 build/nomagic_probe/src/tinyusb/src/class/net/ncm_device.o
                0x2001da28                tud_network_can_xmit
 .text.tud_network_xmit
                0x2001db90       0x70 build/nomagic_probe/src/tinyusb/src/class/net/ncm_device.o
                0x2001db90                tud_network_xmit
 .text.tud_network_recv_renew
                0x2001dc00      0x154 build/nomagic_probe/src/tinyusb/src/class/net/ncm_device.o
                0x2001dc00                tud_network_recv_renew
 .text.netd_init
                0x2001dd54       0x64 build/nomagic_probe/src/tinyusb/src/class/net/ncm_device.o
                0x2001dd54                netd_init
 .text.netd_deinit
                0x2001ddb8        0x4 build/nomagic_probe/src/tinyusb/src/class/net/ncm_device.o
                0x2001ddb8                netd_deinit
 .text.netd_reset
                0x2001ddbc       0x64 build/nomagic_probe/src/tinyusb/src/class/net/ncm_device.o
                0x2001ddbc                netd_reset
 .text.netd_open
                0x2001de20      0x110 build/nomagic_probe/src/tinyusb/src/class/net/ncm_device.o
                0x2001de20                netd_open
 .text.netd_xfer_cb
                0x2001df30      0x250 build/nomagic_probe/src/tinyusb/src/class/net/ncm_device.o
                0x2001df30                netd_xfer_cb
 .text.netd_control_xfer_cb
                0x2001e180      0x110 build/nomagic_probe/src/tinyusb/src/class/net/ncm_device.o
                0x2001e180                netd_control_xfer_cb
 .text.act_read_register
                0x2001e290       0x48 build/nomagic_probe/src/target/activity.o
                0x2001e290                act_read_register
 .text.common_target_init
                0x2001e2d8       0x58 build/nomagic_probe/src/target/common.o
                0x2001e2d8                common_target_init
 .text.target_set_status
                0x2001e330       0xcc build/nomagic_probe/src/target/common.o
                0x2001e330                target_set_status
 .text.target_interrupt_execution
                0x2001e3fc       0x4c build/nomagic_probe/src/target/common.o
                0x2001e3fc                target_interrupt_execution
 .text.common_target_tick
                0x2001e448      0x37c build/nomagic_probe/src/target/common.o
                0x2001e448                common_target_tick
 .text.common_action_info
                0x2001e7c4       0x54 build/nomagic_probe/src/target/common.o
                0x2001e7c4                common_action_info
 .text.common_cmd_target_info
                0x2001e818      0x13c build/nomagic_probe/src/target/common.o
                0x2001e818                common_cmd_target_info
 .text.cmd_target_trace
                0x2001e954       0x90 build/nomagic_probe/src/target/common.o
                0x2001e954                cmd_target_trace
 .text.add_action
                0x2001e9e4       0xa0 build/nomagic_probe/src/target/common.o
                0x2001e9e4                add_action
 .text.add_action_with_parameter
                0x2001ea84       0xb4 build/nomagic_probe/src/target/common.o
                0x2001ea84                add_action_with_parameter
 .text.target_connect
                0x2001eb38       0x94 build/nomagic_probe/src/target/common.o
                0x2001eb38                target_connect
 .text.target_close_connection
                0x2001ebcc       0x90 build/nomagic_probe/src/target/common.o
                0x2001ebcc                target_close_connection
 .text.target_restart_action_timeout
                0x2001ec5c       0x14 build/nomagic_probe/src/target/common.o
                0x2001ec5c                target_restart_action_timeout
 .text.handle_target_connect
                0x2001ec70      0x16c build/nomagic_probe/src/target/common_actions.o
                0x2001ec70                handle_target_connect
 .text.handle_target_close_connection
                0x2001eddc       0xc8 build/nomagic_probe/src/target/common_actions.o
                0x2001eddc                handle_target_close_connection
 .text.handle_target_reply_g
                0x2001eea4      0x154 build/nomagic_probe/src/target/common_actions.o
                0x2001eea4                handle_target_reply_g
 .text.handle_target_reply_write_g
                0x2001eff8      0x170 build/nomagic_probe/src/target/common_actions.o
                0x2001eff8                handle_target_reply_write_g
 .text.handle_target_reply_questionmark
                0x2001f168       0x24 build/nomagic_probe/src/target/common_actions.o
                0x2001f168                handle_target_reply_questionmark
 .text.handle_target_reply_continue
                0x2001f18c       0xf0 build/nomagic_probe/src/target/common_actions.o
                0x2001f18c                handle_target_reply_continue
 .text.handle_target_reply_write_memory
                0x2001f27c       0xd8 build/nomagic_probe/src/target/common_actions.o
                0x2001f27c                handle_target_reply_write_memory
 .text.handle_target_reply_step
                0x2001f354       0x28 build/nomagic_probe/src/target/common_actions.o
                0x2001f354                handle_target_reply_step
 .text.handle_check_target_running
                0x2001f37c       0x94 build/nomagic_probe/src/target/common_actions.o
                0x2001f37c                handle_check_target_running
 .text.send_stopped_reply